Component: ARM Compiler 5.06 update 6 (build 750) Tool: armlink [4d35ed]

==============================================================================

Section Cross References

    main.o(.text) refers to _printf_percent.o(.ARM.Collect$$_printf_percent$$00000000) for _printf_percent
    main.o(.text) refers to _printf_d.o(.ARM.Collect$$_printf_percent$$00000009) for _printf_d
    main.o(.text) refers to _printf_dec.o(.text) for _printf_int_dec
    main.o(.text) refers to delay.o(.text) for delay_init
    main.o(.text) refers to led.o(.text) for LED_Init
    main.o(.text) refers to dht11.o(.text) for DHT11_Init
    main.o(.text) refers to adc.o(.text) for ADCX_UserConfig
    main.o(.text) refers to usart.o(.text) for Usart1_Init
    main.o(.text) refers to esp8266.o(.text) for ESP8266_Init
    main.o(.text) refers to onenet.o(.text) for OneNet_DevLink
    main.o(.text) refers to stm32f10x_gpio.o(.text) for GPIO_ResetBits
    main.o(.text) refers to __2sprintf.o(.text) for __2sprintf
    main.o(.text) refers to main.o(.data) for devSubTopic
    main.o(.text) refers to main.o(.conststring) for .conststring
    main.o(.text) refers to main.o(.bss) for PUB_BUF
    main.o(.text) refers to main.o(.constdata) for devPubTopic
    main.o(.data) refers to main.o(.conststring) for .conststring
    system_stm32f10x.o(.text) refers to system_stm32f10x.o(.data) for SystemCoreClock
    led.o(.text) refers to stm32f10x_rcc.o(.text) for RCC_APB2PeriphClockCmd
    led.o(.text) refers to stm32f10x_gpio.o(.text) for GPIO_Init
    dht11.o(.text) refers to delay.o(.text) for delay_ms
    dht11.o(.text) refers to stm32f10x_rcc.o(.text) for RCC_APB2PeriphClockCmd
    dht11.o(.text) refers to stm32f10x_gpio.o(.text) for GPIO_Init
    delay.o(.text) refers to misc.o(.text) for SysTick_CLKSourceConfig
    delay.o(.text) refers to system_stm32f10x.o(.data) for SystemCoreClock
    delay.o(.text) refers to delay.o(.data) for fac_us
    usart.o(.text) refers to stm32f10x_rcc.o(.text) for RCC_APB2PeriphClockCmd
    usart.o(.text) refers to stm32f10x_gpio.o(.text) for GPIO_Init
    usart.o(.text) refers to stm32f10x_usart.o(.text) for USART_Init
    usart.o(.text) refers to misc.o(.text) for NVIC_Init
    usart.o(.text) refers to c89vsnprintf.o(.text) for __c89vsnprintf
    adc.o(.text) refers to stm32f10x_rcc.o(.text) for RCC_APB2PeriphClockCmd
    adc.o(.text) refers to stm32f10x_gpio.o(.text) for GPIO_Init
    adc.o(.text) refers to stm32f10x_adc.o(.text) for ADC_Init
    adc.o(.text) refers to delay.o(.text) for delay_ms
    startup_stm32f10x_hd.o(STACK) refers (Special) to heapauxi.o(.text) for __use_two_region_memory
    startup_stm32f10x_hd.o(HEAP) refers (Special) to heapauxi.o(.text) for __use_two_region_memory
    startup_stm32f10x_hd.o(RESET) refers (Special) to heapauxi.o(.text) for __use_two_region_memory
    startup_stm32f10x_hd.o(RESET) refers to startup_stm32f10x_hd.o(STACK) for __initial_sp
    startup_stm32f10x_hd.o(RESET) refers to startup_stm32f10x_hd.o(.text) for Reset_Handler
    startup_stm32f10x_hd.o(RESET) refers to stm32f10x_it.o(.text) for NMI_Handler
    startup_stm32f10x_hd.o(RESET) refers to usart.o(.text) for USART1_IRQHandler
    startup_stm32f10x_hd.o(RESET) refers to esp8266.o(.text) for USART2_IRQHandler
    startup_stm32f10x_hd.o(.text) refers (Special) to heapauxi.o(.text) for __use_two_region_memory
    startup_stm32f10x_hd.o(.text) refers to system_stm32f10x.o(.text) for SystemInit
    startup_stm32f10x_hd.o(.text) refers to __main.o(!!!main) for __main
    startup_stm32f10x_hd.o(.text) refers to startup_stm32f10x_hd.o(HEAP) for Heap_Mem
    startup_stm32f10x_hd.o(.text) refers to startup_stm32f10x_hd.o(STACK) for Stack_Mem
    stm32f10x_gpio.o(.text) refers to stm32f10x_rcc.o(.text) for RCC_APB2PeriphResetCmd
    stm32f10x_rcc.o(.text) refers to stm32f10x_rcc.o(.data) for APBAHBPrescTable
    stm32f10x_usart.o(.text) refers to stm32f10x_rcc.o(.text) for RCC_APB2PeriphResetCmd
    stm32f10x_adc.o(.text) refers to stm32f10x_rcc.o(.text) for RCC_APB2PeriphResetCmd
    esp8266.o(.text) refers to _printf_percent.o(.ARM.Collect$$_printf_percent$$00000000) for _printf_percent
    esp8266.o(.text) refers to _printf_d.o(.ARM.Collect$$_printf_percent$$00000009) for _printf_d
    esp8266.o(.text) refers to _printf_dec.o(.text) for _printf_int_dec
    esp8266.o(.text) refers to rt_memclr.o(.text) for __aeabi_memclr
    esp8266.o(.text) refers to strlen.o(.text) for strlen
    esp8266.o(.text) refers to usart.o(.text) for Usart_SendString
    esp8266.o(.text) refers to strstr.o(.text) for strstr
    esp8266.o(.text) refers to delay.o(.text) for delay_ms
    esp8266.o(.text) refers to __2sprintf.o(.text) for __2sprintf
    esp8266.o(.text) refers to strchr.o(.text) for strchr
    esp8266.o(.text) refers to stm32f10x_rcc.o(.text) for RCC_APB2PeriphClockCmd
    esp8266.o(.text) refers to stm32f10x_usart.o(.text) for USART_GetITStatus
    esp8266.o(.text) refers to esp8266.o(.bss) for esp8266_buf
[...]
    __main                                   0x08000131   Thumb Code     8  __main.o(!!!main)
    __scatterload                            0x08000139   Thumb Code     0  __scatter.o(!!!scatter)
    __scatterload_rt2                        0x08000139   Thumb Code    44  __scatter.o(!!!scatter)
    __scatterload_rt2_thumb_only             0x08000139   Thumb Code     0  __scatter.o(!!!scatter)
    __scatterload_null                       0x08000147   Thumb Code     0  __scatter.o(!!!scatter)
    __scatterload_copy                       0x0800016d   Thumb Code    26  __scatter_copy.o(!!handler_copy)
    __scatterload_zeroinit                   0x08000189   Thumb Code    28  __scatter_zi.o(!!handler_zi)
    _printf_n                                0x080001a5   Thumb Code     0  _printf_n.o(.ARM.Collect$$_printf_percent$$00000001)
    _printf_percent                          0x080001a5   Thumb Code     0  _printf_percent.o(.ARM.Collect$$_printf_percent$$00000000)
    _printf_p                                0x080001ab   Thumb Code     0  _printf_p.o(.ARM.Collect$$_printf_percent$$00000002)
    _printf_f                                0x080001b1   Thumb Code     0  _printf_f.o(.ARM.Collect$$_printf_percent$$00000003)
    _printf_e                                0x080001b7   Thumb Code     0  _printf_e.o(.ARM.Collect$$_printf_percent$$00000004)
    _printf_g                                0x080001bd   Thumb Code     0  _printf_g.o(.ARM.Collect$$_printf_percent$$00000005)
    _printf_a                                0x080001c3   Thumb Code     0  _printf_a.o(.ARM.Collect$$_printf_percent$$00000006)
    _printf_ll                               0x080001c9   Thumb Code     0  _printf_ll.o(.ARM.Collect$$_printf_percent$$00000007)
    _printf_i                                0x080001d3   Thumb Code     0  _printf_i.o(.ARM.Collect$$_printf_percent$$00000008)
    _printf_d                                0x080001d9   Thumb Code     0  _printf_d.o(.ARM.Collect$$_printf_percent$$00000009)
    _printf_u                                0x080001df   Thumb Code     0  _printf_u.o(.ARM.Collect$$_printf_percent$$0000000A)
    _printf_o                                0x080001e5   Thumb Code     0  _printf_o.o(.ARM.Collect$$_printf_percent$$0000000B)
    _printf_x                                0x080001eb   Thumb Code     0  _printf_x.o(.ARM.Collect$$_printf_percent$$0000000C)
    _printf_lli                              0x080001f1   Thumb Code     0  _printf_lli.o(.ARM.Collect$$_printf_percent$$0000000D)
    _printf_lld                              0x080001f7   Thumb Code     0  _printf_lld.o(.ARM.Collect$$_printf_percent$$0000000E)
    _printf_llu                              0x080001fd   Thumb Code     0  _printf_llu.o(.ARM.Collect$$_printf_percent$$0000000F)
    _printf_llo                              0x08000203   Thumb Code     0  _printf_llo.o(.ARM.Collect$$_printf_percent$$00000010)
    _printf_llx                              0x08000209   Thumb Code     0  _printf_llx.o(.ARM.Collect$$_printf_percent$$00000011)
    _printf_l                                0x0800020f   Thumb Code     0  _printf_l.o(.ARM.Collect$$_printf_percent$$00000012)
    _printf_c                                0x08000219   Thumb Code     0  _printf_c.o(.ARM.Collect$$_printf_percent$$00000013)
    _printf_s                                0x0800021f   Thumb Code     0  _printf_s.o(.ARM.Collect$$_printf_percent$$00000014)
    _printf_lc                               0x08000225   Thumb Code     0  _printf_lc.o(.ARM.Collect$$_printf_percent$$00000015)
    _printf_ls                               0x0800022b   Thumb Code     0  _printf_ls.o(.ARM.Collect$$_printf_percent$$00000016)
    _printf_percent_end                      0x08000231   Thumb Code     0  _printf_percent_end.o(.ARM.Collect$$_printf_percent$$00000017)
    __rt_lib_init                            0x08000235   Thumb Code     0  libinit.o(.ARM.Collect$$libinit$$00000000)
    __rt_lib_init_fp_1                       0x08000237   Thumb Code     0  libinit2.o(.ARM.Collect$$libinit$$00000002)
    __rt_lib_init_heap_2                     0x08000237   Thumb Code     0  libinit2.o(.ARM.Collect$$libinit$$00000005)
    __rt_lib_init_preinit_1                  0x08000237   Thumb Code     0  libinit2.o(.ARM.Collect$$libinit$$00000004)
    __rt_lib_init_heap_1                     0x0800023f   Thumb Code     0  libinit2.o(.ARM.Collect$$libinit$$0000000A)
    __rt_lib_init_lc_common                  0x0800023f   Thumb Code     0  libinit2.o(.ARM.Collect$$libinit$$0000000F)
    __rt_lib_init_rand_1                     0x0800023f   Thumb Code     0  libinit2.o(.ARM.Collect$$libinit$$0000000E)
    __rt_lib_init_user_alloc_1               0x0800023f   Thumb Code     0  libinit2.o(.ARM.Collect$$libinit$$0000000C)
    __rt_lib_init_lc_collate_1               0x08000245   Thumb Code     0  libinit2.o(.ARM.Collect$$libinit$$00000011)
    __rt_lib_init_lc_ctype_2                 0x08000245   Thumb Code     0  libinit2.o(.ARM.Collect$$libinit$$00000012)
    __rt_lib_init_lc_ctype_1                 0x08000251   Thumb Code     0  libinit2.o(.ARM.Collect$$libinit$$00000013)
    __rt_lib_init_lc_monetary_1              0x08000251   Thumb Code     0  libinit2.o(.ARM.Collect$$libinit$$00000015)
    __rt_lib_init_lc_numeric_2               0x08000251   Thumb Code     0  libinit2.o(.ARM.Collect$$libinit$$00000016)
    __rt_lib_init_alloca_1                   0x0800025b   Thumb Code     0  libinit2.o(.ARM.Collect$$libinit$$0000002E)
    __rt_lib_init_argv_1                     0x0800025b   Thumb Code     0  libinit2.o(.ARM.Collect$$libinit$$0000002C)
    __rt_lib_init_atexit_1                   0x0800025b   Thumb Code     0  libinit2.o(.ARM.Collect$$libinit$$0000001B)
    __rt_lib_init_clock_1                    0x0800025b   Thumb Code     0  libinit2.o(.ARM.Collect$$libinit$$00000021)
    __rt_lib_init_cpp_1                      0x0800025b   Thumb Code     0  libinit2.o(.ARM.Collect$$libinit$$00000032)
    __rt_lib_init_exceptions_1               0x0800025b   Thumb Code     0  libinit2.o(.ARM.Collect$$libinit$$00000030)
    __rt_lib_init_fp_trap_1                  0x0800025b   Thumb Code     0  libinit2.o(.ARM.Collect$$libinit$$0000001F)
    __rt_lib_init_getenv_1                   0x0800025b   Thumb Code     0  libinit2.o(.ARM.Collect$$libinit$$00000023)
    __rt_lib_init_lc_numeric_1               0x0800025b   Thumb Code     0  libinit2.o(.ARM.Collect$$libinit$$00000017)
    __rt_lib_init_lc_time_1                  0x0800025b   Thumb Code     0  libinit2.o(.ARM.Collect$$libinit$$00000019)
    __rt_lib_init_return                     0x0800025b   Thumb Code     0  libinit2.o(.ARM.Collect$$libinit$$00000033)
    __rt_lib_init_signal_1                   0x0800025b   Thumb Code     0  libinit2.o(.ARM.Collect$$libinit$$0000001D)
    __rt_lib_init_stdio_1                    0x0800025b   Thumb Code     0  libinit2.o(.ARM.Collect$$libinit$$00000025)
    __rt_lib_shutdown                        0x0800025d   Thumb Code     0  libshutdown.o(.ARM.Collect$$libshutdown$$00000000)
    __rt_lib_shutdown_cpp_1                  0x0800025f   Thumb Code     0  libshutdown2.o(.ARM.Collect$$libshutdown$$00000002)
    __rt_lib_shutdown_fp_trap_1              0x0800025f   Thumb Code     0  libshutdown2.o(.ARM.Collect$$libshutdown$$00000007)
    __rt_lib_shutdown_heap_1                 0x0800025f   Thumb Code     0  libshutdown2.o(.ARM.Collect$$libshutdown$$0000000F)
    __rt_lib_shutdown_return                 0x0800025f   Thumb Code     0  libshutdown2.o(.ARM.Collect$$libshutdown$$00000010)
    __rt_lib_shutdown_signal_1               0x0800025f   Thumb Code     0  libshutdown2.o(.ARM.Collect$$libshutdown$$0000000A)
    __rt_lib_shutdown_stdio_1                0x0800025f   Thumb Code     0  libshutdown2.o(.ARM.Collect$$libshutdown$$00000004)
    __rt_lib_shutdown_user_alloc_1           0x0800025f   Thumb Code     0  libshutdown2.o(.ARM.Collect$$libshutdown$$0000000C)
    __rt_entry                               0x08000261   Thumb Code     0  __rtentry.o(.ARM.Collect$$rtentry$$00000000)
    __rt_entry_presh_1                       0x08000261   Thumb Code     0  __rtentry2.o(.ARM.Collect$$rtentry$$00000002)
    __rt_entry_sh                            0x08000261   Thumb Code     0  __rtentry4.o(.ARM.Collect$$rtentry$$00000004)
    __rt_entry_li                            0x08000267   Thumb Code     0  __rtentry2.o(.ARM.Collect$$rtentry$$0000000A)
    __rt_entry_postsh_1                      0x08000267   Thumb Code     0  __rtentry2.o(.ARM.Collect$$rtentry$$00000009)
    __rt_entry_main                          0x0800026b   Thumb Code     0  __rtentry2.o(.ARM.Collect$$rtentry$$0000000D)
    __rt_entry_postli_1                      0x0800026b   Thumb Code     0  __rtentry2.o(.ARM.Collect$$rtentry$$0000000C)
    __rt_exit                                0x08000273   Thumb Code     0  rtexit.o(.ARM.Collect$$rtexit$$00000000)
    __rt_exit_ls                             0x08000275   Thumb Code     0  rtexit2.o(.ARM.Collect$$rtexit$$00000003)
    __rt_exit_prels_1                        0x08000275   Thumb Code     0  rtexit2.o(.ARM.Collect$$rtexit$$00000002)
    __rt_exit_exit                           0x08000279   Thumb Code     0  rtexit2.o(.ARM.Collect$$rtexit$$00000004)
    _maybe_terminate_alloc                   0x08000281   Thumb Code     0  maybetermalloc1.o(.emb_text)
    main                                     0x08000281   Thumb Code   288  main.o(.text)
    NMI_Handler                              0x080003f5   Thumb Code     2  stm32f10x_it.o(.text)
    HardFault_Handler                        0x080003f7   Thumb Code     4  stm32f10x_it.o(.text)
    MemManage_Handler                        0x080003fb   Thumb Code     4  stm32f10x_it.o(.text)
    BusFault_Handler                         0x080003ff   Thumb Code     4  stm32f10x_it.o(.text)
    UsageFault_Handler                       0x08000403   Thumb Code     4  stm32f10x_it.o(.text)
    SVC_Handler                              0x08000407   Thumb Code     2  stm32f10x_it.o(.text)
    DebugMon_Handler                         0x08000409   Thumb Code     2  stm32f10x_it.o(.text)
    PendSV_Handler                           0x0800040b   Thumb Code     2  stm32f10x_it.o(.text)
    SysTick_Handler                          0x0800040d   Thumb Code     2  stm32f10x_it.o(.text)
    SystemInit                               0x080004ef   Thumb Code    78  system_stm32f10x.o(.text)
    SystemCoreClockUpdate                    0x0800053d   Thumb Code   142  system_stm32f10x.o(.text)
    LED_Init                                 0x080005f1   Thumb Code    70  led.o(.text)
    DHT11_Rst                                0x08000641   Thumb Code    52  dht11.o(.text)
    DHT11_Check                              0x08000675   Thumb Code    96  dht11.o(.text)
    DHT11_Read_Bit                           0x080006d5   Thumb Code    76  dht11.o(.text)
    DHT11_Read_Byte                          0x08000721   Thumb Code    30  dht11.o(.text)
    DHT11_Read_Data                          0x0800073f   Thumb Code    88  dht11.o(.text)
    DHT11_Init                               0x08000797   Thumb Code    54  dht11.o(.text)
    delay_init                               0x080007d9   Thumb Code    50  delay.o(.text)
    delay_us                                 0x0800080b   Thumb Code    72  delay.o(.text)
    delay_ms                                 0x08000853   Thumb Code    72  delay.o(.text)
    Usart1_Init                              0x080008ad   Thumb Code   166  usart.o(.text)
    Usart2_Init                              0x08000953   Thumb Code   162  usart.o(.text)
    Usart_SendString                         0x080009f5   Thumb Code    50  usart.o(.text)
    UsartPrintf                              0x08000a27   Thumb Code    72  usart.o(.text)
    USART1_IRQHandler                        0x08000a6f   Thumb Code    24  usart.o(.text)
    ADCX_UserConfig                          0x08000a95   Thumb Code   150  adc.o(.text)
    Get_ADC                                  0x08000b2b   Thumb Code    56  adc.o(.text)
    Reset_Handler                            0x08000b6d   Thumb Code     8  startup_stm32f10x_hd.o(.text)
    ADC1_2_IRQHandler                        0x08000b87   Thumb Code     0  startup_stm32f10x_hd.o(.text)
    ADC3_IRQHandler                          0x08000b87   Thumb Code     0  startup_stm32f10x_hd.o(.text)
    CAN1_RX1_IRQHandler                      0x08000b87   Thumb Code     0  startup_stm32f10x_hd.o(.text)
    CAN1_SCE_IRQHandler                      0x08000b87   Thumb Code     0  startup_stm32f10x_hd.o(.text)
    DMA1_Channel1_IRQHandler                 0x08000b87   Thumb Code     0  startup_stm32f10x_hd.o(.text)
    DMA1_Channel2_IRQHandler                 0x08000b87   Thumb Code     0  startup_stm32f10x_hd.o(.text)
    DMA1_Channel3_IRQHandler                 0x08000b87   Thumb Code     0  startup_stm32f10x_hd.o(.text)
    DMA1_Channel4_IRQHandler                 0x08000b87   Thumb Code     0  startup_stm32f10x_hd.o(.text)
    DMA1_Channel5_IRQHandler                 0x08000b87   Thumb Code     0  startup_stm32f10x_hd.o(.text)
    DMA1_Channel6_IRQHandler                 0x08000b87   Thumb Code     0  startup_stm32f10x_hd.o(.text)
    DMA1_Channel7_IRQHandler                 0x08000b87   Thumb Code     0  startup_stm32f10x_hd.o(.text)
    DMA2_Channel1_IRQHandler                 0x08000b87   Thumb Code     0  startup_stm32f10x_hd.o(.text)
    DMA2_Channel2_IRQHandler                 0x08000b87   Thumb Code     0  startup_stm32f10x_hd.o(.text)
    DMA2_Channel3_IRQHandler                 0x08000b87   Thumb Code     0  startup_stm32f10x_hd.o(.text)
    DMA2_Channel4_5_IRQHandler               0x08000b87   Thumb Code     0  startup_stm32f10x_hd.o(.text)
    EXTI0_IRQHandler                         0x08000b87   Thumb Code     0  startup_stm32f10x_hd.o(.text)
    EXTI15_10_IRQHandler                     0x08000b87   Thumb Code     0  startup_stm32f10x_hd.o(.text)
    EXTI1_IRQHandler                         0x08000b87   Thumb Code     0  startup_stm32f10x_hd.o(.text)
    EXTI2_IRQHandler                         0x08000b87   Thumb Code     0  startup_stm32f10x_hd.o(.text)
    EXTI3_IRQHandler                         0x08000b87   Thumb Code     0  startup_stm32f10x_hd.o(.text)
    EXTI4_IRQHandler                         0x08000b87   Thumb Code     0  startup_stm32f10x_hd.o(.text)
    EXTI9_5_IRQHandler                       0x08000b87   Thumb Code     0  startup_stm32f10x_hd.o(.text)
    FLASH_IRQHandler                         0x08000b87   Thumb Code     0  startup_stm32f10x_hd.o(.text)
    FSMC_IRQHandler                          0x08000b87   Thumb Code     0  startup_stm32f10x_hd.o(.text)
    I2C1_ER_IRQHandler                       0x08000b87   Thumb Code     0  startup_stm32f10x_hd.o(.text)
    I2C1_EV_IRQHandler                       0x08000b87   Thumb Code     0  startup_stm32f10x_hd.o(.text)
    I2C2_ER_IRQHandler                       0x08000b87   Thumb Code     0  startup_stm32f10x_hd.o(.text)
    I2C2_EV_IRQHandler                       0x08000b87   Thumb Code     0  startup_stm32f10x_hd.o(.text)
    PVD_IRQHandler                           0x08000b87   Thumb Code     0  startup_stm32f10x_hd.o(.text)
    RCC_IRQHandler                           0x08000b87   Thumb Code     0  startup_stm32f10x_hd.o(.text)
    RTCAlarm_IRQHandler                      0x08000b87   Thumb Code     0  startup_stm32f10x_hd.o(.text)
    RTC_IRQHandler                           0x08000b87   Thumb Code     0  startup_stm32f10x_hd.o(.text)
    SDIO_IRQHandler                          0x08000b87   Thumb Code     0  startup_stm32f10x_hd.o(.text)
    SPI1_IRQHandler                          0x08000b87   Thumb Code     0  startup_stm32f10x_hd.o(.text)
    SPI2_IRQHandler                          0x08000b87   Thumb Code     0  startup_stm32f10x_hd.o(.text)
    SPI3_IRQHandler                          0x08000b87   Thumb Code     0  startup_stm32f10x_hd.o(.text)
    TAMPER_IRQHandler                        0x08000b87   Thumb Code     0  startup_stm32f10x_hd.o(.text)
    TIM1_BRK_IRQHandler                      0x08000b87   Thumb Code     0  startup_stm32f10x_hd.o(.text)
    TIM1_CC_IRQHandler                       0x08000b87   Thumb Code     0  startup_stm32f10x_hd.o(.text)
    TIM1_TRG_COM_IRQHandler                  0x08000b87   Thumb Code     0  startup_stm32f10x_hd.o(.text)
    TIM1_UP_IRQHandler                       0x08000b87   Thumb Code     0  startup_stm32f10x_hd.o(.text)
    TIM2_IRQHandler                          0x08000b87   Thumb Code     0  startup_stm32f10x_hd.o(.text)
    TIM3_IRQHandler                          0x08000b87   Thumb Code     0  startup_stm32f10x_hd.o(.text)
    TIM4_IRQHandler                          0x08000b87   Thumb Code     0  startup_stm32f10x_hd.o(.text)
    TIM5_IRQHandler                          0x08000b87   Thumb Code     0  startup_stm32f10x_hd.o(.text)
    TIM6_IRQHandler                          0x08000b87   Thumb Code     0  startup_stm32f10x_hd.o(.text)
    TIM7_IRQHandler                          0x08000b87   Thumb Code     0  startup_stm32f10x_hd.o(.text)
    TIM8_BRK_IRQHandler                      0x08000b87   Thumb Code     0  startup_stm32f10x_hd.o(.text)
    TIM8_CC_IRQHandler                       0x08000b87   Thumb Code     0  startup_stm32f10x_hd.o(.text)
    TIM8_TRG_COM_IRQHandler                  0x08000b87   Thumb Code     0  startup_stm32f10x_hd.o(.text)
    TIM8_UP_IRQHandler                       0x08000b87   Thumb Code     0  startup_stm32f10x_hd.o(.text)
    UART4_IRQHandler                         0x08000b87   Thumb Code     0  startup_stm32f10x_hd.o(.text)
    UART5_IRQHandler                         0x08000b87   Thumb Code     0  startup_stm32f10x_hd.o(.text)
    USART3_IRQHandler                        0x08000b87   Thumb Code     0  startup_stm32f10x_hd.o(.text)
    USBWakeUp_IRQHandler                     0x08000b87   Thumb Code     0  startup_stm32f10x_hd.o(.text)
    USB_HP_CAN1_TX_IRQHandler                0x08000b87   Thumb Code     0  startup_stm32f10x_hd.o(.text)
    USB_LP_CAN1_RX0_IRQHandler               0x08000b87   Thumb Code     0  startup_stm32f10x_hd.o(.text)
    WWDG_IRQHandler                          0x08000b87   Thumb Code     0  startup_stm32f10x_hd.o(.text)
    __user_initial_stackheap                 0x08000b89   Thumb Code     0  startup_stm32f10x_hd.o(.text)
    GPIO_DeInit                              0x08000bad   Thumb Code   172  stm32f10x_gpio.o(.text)
    GPIO_AFIODeInit                          0x08000c59   Thumb Code    20  stm32f10x_gpio.o(.text)
    GPIO_Init                                0x08000c6d   Thumb Code   278  stm32f10x_gpio.o(.text)
    GPIO_StructInit                          0x08000d83   Thumb Code    16  stm32f10x_gpio.o(.text)
    GPIO_ReadInputDataBit                    0x08000d93   Thumb Code    18  stm32f10x_gpio.o(.text)
    GPIO_ReadInputData                       0x08000da5   Thumb Code     8  stm32f10x_gpio.o(.text)
    GPIO_ReadOutputDataBit                   0x08000dad   Thumb Code    18  stm32f10x_gpio.o(.text)
    GPIO_ReadOutputData                      0x08000dbf   Thumb Code     8  stm32f10x_gpio.o(.text)
    GPIO_SetBits                             0x08000dc7   Thumb Code     4  stm32f10x_gpio.o(.text)
    GPIO_ResetBits                           0x08000dcb   Thumb Code     4  stm32f10x_gpio.o(.text)
    GPIO_WriteBit                            0x08000dcf   Thumb Code    10  stm32f10x_gpio.o(.text)
    GPIO_Write                               0x08000dd9   Thumb Code     4  stm32f10x_gpio.o(.text)
    GPIO_PinLockConfig                       0x08000ddd   Thumb Code    18  stm32f10x_gpio.o(.text)
    GPIO_EventOutputConfig                   0x08000def   Thumb Code    26  stm32f10x_gpio.o(.text)
    GPIO_EventOutputCmd                      0x08000e09   Thumb Code     6  stm32f10x_gpio.o(.text)
    GPIO_PinRemapConfig                      0x08000e0f   Thumb Code   138  stm32f10x_gpio.o(.text)
    GPIO_EXTILineConfig                      0x08000e99   Thumb Code    66  stm32f10x_gpio.o(.text)
    GPIO_ETH_MediaInterfaceConfig            0x08000edb   Thumb Code     8  stm32f10x_gpio.o(.text)
    RCC_DeInit                               0x08000f09   Thumb Code    64  stm32f10x_rcc.o(.text)
    RCC_HSEConfig                            0x08000f49   Thumb Code    70  stm32f10x_rcc.o(.text)
    RCC_GetFlagStatus                        0x08000f8f   Thumb Code    56  stm32f10x_rcc.o(.text)
    RCC_WaitForHSEStartUp                    0x08000fc7   Thumb Code    56  stm32f10x_rcc.o(.text)
    RCC_AdjustHSICalibrationValue            0x08000fff   Thumb Code    20  stm32f10x_rcc.o(.text)
    RCC_HSICmd                               0x08001013   Thumb Code     6  stm32f10x_rcc.o(.text)
    RCC_PLLConfig                            0x08001019   Thumb Code    24  stm32f10x_rcc.o(.text)
    RCC_PLLCmd                               0x08001031   Thumb Code     6  stm32f10x_rcc.o(.text)
    RCC_SYSCLKConfig                         0x08001037   Thumb Code    18  stm32f10x_rcc.o(.text)
    RCC_GetSYSCLKSource                      0x08001049   Thumb Code    10  stm32f10x_rcc.o(.text)
    RCC_HCLKConfig                           0x08001053   Thumb Code    18  stm32f10x_rcc.o(.text)
    RCC_PCLK1Config                          0x08001065   Thumb Code    18  stm32f10x_rcc.o(.text)
    RCC_PCLK2Config                          0x08001077   Thumb Code    20  stm32f10x_rcc.o(.text)
    RCC_ITConfig                             0x0800108b   Thumb Code    26  stm32f10x_rcc.o(.text)
    RCC_USBCLKConfig                         0x080010a5   Thumb Code     8  stm32f10x_rcc.o(.text)
    RCC_ADCCLKConfig                         0x080010ad   Thumb Code    18  stm32f10x_rcc.o(.text)
    RCC_LSEConfig                            0x080010bf   Thumb Code    50  stm32f10x_rcc.o(.text)
    RCC_LSICmd                               0x080010f1   Thumb Code     6  stm32f10x_rcc.o(.text)
    RCC_RTCCLKConfig                         0x080010f7   Thumb Code    12  stm32f10x_rcc.o(.text)
    RCC_RTCCLKCmd                            0x08001103   Thumb Code     8  stm32f10x_rcc.o(.text)
    RCC_GetClocksFreq                        0x0800110b   Thumb Code   192  stm32f10x_rcc.o(.text)
    RCC_AHBPeriphClockCmd                    0x080011cb   Thumb Code    26  stm32f10x_rcc.o(.text)
    RCC_APB2PeriphClockCmd                   0x080011e5   Thumb Code    26  stm32f10x_rcc.o(.text)
    RCC_APB1PeriphClockCmd                   0x080011ff   Thumb Code    26  stm32f10x_rcc.o(.text)
    RCC_APB2PeriphResetCmd                   0x08001219   Thumb Code    26  stm32f10x_rcc.o(.text)
    RCC_APB1PeriphResetCmd                   0x08001233   Thumb Code    26  stm32f10x_rcc.o(.text)
    RCC_BackupResetCmd                       0x0800124d   Thumb Code     8  stm32f10x_rcc.o(.text)
    RCC_ClockSecuritySystemCmd               0x08001255   Thumb Code     6  stm32f10x_rcc.o(.text)
    RCC_MCOConfig                            0x0800125b   Thumb Code     6  stm32f10x_rcc.o(.text)
    RCC_ClearFlag                            0x08001261   Thumb Code    14  stm32f10x_rcc.o(.text)
    RCC_GetITStatus                          0x0800126f   Thumb Code    20  stm32f10x_rcc.o(.text)
    RCC_ClearITPendingBit                    0x08001283   Thumb Code     6  stm32f10x_rcc.o(.text)
    USART_DeInit                             0x080012ad   Thumb Code   134  stm32f10x_usart.o(.text)
    USART_Init                               0x08001333   Thumb Code   210  stm32f10x_usart.o(.text)
    USART_StructInit                         0x08001405   Thumb Code    24  stm32f10x_usart.o(.text)
    USART_ClockInit                          0x0800141d   Thumb Code    34  stm32f10x_usart.o(.text)
    USART_ClockStructInit                    0x0800143f   Thumb Code    12  stm32f10x_usart.o(.text)
    USART_Cmd                                0x0800144b   Thumb Code    24  stm32f10x_usart.o(.text)
    USART_ITConfig                           0x08001463   Thumb Code    74  stm32f10x_usart.o(.text)
    USART_DMACmd                             0x080014ad   Thumb Code    18  stm32f10x_usart.o(.text)
    USART_SetAddress                         0x080014bf   Thumb Code    18  stm32f10x_usart.o(.text)
    USART_WakeUpConfig                       0x080014d1   Thumb Code    18  stm32f10x_usart.o(.text)
    USART_ReceiverWakeUpCmd                  0x080014e3   Thumb Code    24  stm32f10x_usart.o(.text)
    USART_LINBreakDetectLengthConfig         0x080014fb   Thumb Code    18  stm32f10x_usart.o(.text)
    USART_LINCmd                             0x0800150d   Thumb Code    24  stm32f10x_usart.o(.text)
    USART_SendData                           0x08001525   Thumb Code     8  stm32f10x_usart.o(.text)
    USART_ReceiveData                        0x0800152d   Thumb Code    10  stm32f10x_usart.o(.text)
    USART_SendBreak                          0x08001537   Thumb Code    10  stm32f10x_usart.o(.text)
    USART_SetGuardTime                       0x08001541   Thumb Code    16  stm32f10x_usart.o(.text)
    USART_SetPrescaler                       0x08001551   Thumb Code    16  stm32f10x_usart.o(.text)
    USART_SmartCardCmd                       0x08001561   Thumb Code    24  stm32f10x_usart.o(.text)
    USART_SmartCardNACKCmd                   0x08001579   Thumb Code    24  stm32f10x_usart.o(.text)
    USART_HalfDuplexCmd                      0x08001591   Thumb Code    24  stm32f10x_usart.o(.text)
    USART_OverSampling8Cmd                   0x080015a9   Thumb Code    22  stm32f10x_usart.o(.text)
    USART_OneBitMethodCmd                    0x080015bf   Thumb Code    24  stm32f10x_usart.o(.text)
    USART_IrDAConfig                         0x080015d7   Thumb Code    18  stm32f10x_usart.o(.text)
    USART_IrDACmd                            0x080015e9   Thumb Code    24  stm32f10x_usart.o(.text)
    USART_GetFlagStatus                      0x08001601   Thumb Code    26  stm32f10x_usart.o(.text)
    USART_ClearFlag                          0x0800161b   Thumb Code    18  stm32f10x_usart.o(.text)
    USART_GetITStatus                        0x0800162d   Thumb Code    84  stm32f10x_usart.o(.text)
    USART_ClearITPendingBit                  0x08001681   Thumb Code    52  stm32f10x_usart.o(.text)
    NVIC_PriorityGroupConfig                 0x080016b5   Thumb Code    10  misc.o(.text)
    NVIC_Init                                0x080016bf   Thumb Code   100  misc.o(.text)
    NVIC_SetVectorTable                      0x08001723   Thumb Code    14  misc.o(.text)
    NVIC_SystemLPConfig                      0x08001731   Thumb Code    34  misc.o(.text)
    SysTick_CLKSourceConfig                  0x08001753   Thumb Code    40  misc.o(.text)
    ADC_DeInit                               0x08001791   Thumb Code    78  stm32f10x_adc.o(.text)
    ADC_Init                                 0x080017df   Thumb Code    70  stm32f10x_adc.o(.text)
    ADC_StructInit                           0x08001825   Thumb Code    18  stm32f10x_adc.o(.text)
    ADC_Cmd                                  0x08001837   Thumb Code    22  stm32f10x_adc.o(.text)
    ADC_DMACmd                               0x0800184d   Thumb Code    22  stm32f10x_adc.o(.text)
    ADC_ITConfig                             0x08001863   Thumb Code    24  stm32f10x_adc.o(.text)
    ADC_ResetCalibration                     0x0800187b   Thumb Code    10  stm32f10x_adc.o(.text)
    ADC_GetResetCalibrationStatus            0x08001885   Thumb Code    20  stm32f10x_adc.o(.text)
    ADC_StartCalibration                     0x08001899   Thumb Code    10  stm32f10x_adc.o(.text)
    ADC_GetCalibrationStatus                 0x080018a3   Thumb Code    20  stm32f10x_adc.o(.text)
    ADC_SoftwareStartConvCmd                 0x080018b7   Thumb Code    22  stm32f10x_adc.o(.text)
    ADC_GetSoftwareStartConvStatus           0x080018cd   Thumb Code    20  stm32f10x_adc.o(.text)
    ADC_DiscModeChannelCountConfig           0x080018e1   Thumb Code    24  stm32f10x_adc.o(.text)
    ADC_DiscModeCmd                          0x080018f9   Thumb Code    22  stm32f10x_adc.o(.text)
    ADC_RegularChannelConfig                 0x0800190f   Thumb Code   184  stm32f10x_adc.o(.text)
    ADC_ExternalTrigConvCmd                  0x080019c7   Thumb Code    22  stm32f10x_adc.o(.text)
    ADC_GetConversionValue                   0x080019dd   Thumb Code     8  stm32f10x_adc.o(.text)
    ADC_GetDualModeConversionValue           0x080019e5   Thumb Code     8  stm32f10x_adc.o(.text)
    ADC_AutoInjectedConvCmd                  0x080019ed   Thumb Code    22  stm32f10x_adc.o(.text)
    ADC_InjectedDiscModeCmd                  0x08001a03   Thumb Code    22  stm32f10x_adc.o(.text)
    ADC_ExternalTrigInjectedConvConfig       0x08001a19   Thumb Code    16  stm32f10x_adc.o(.text)
    ADC_ExternalTrigInjectedConvCmd          0x08001a29   Thumb Code    22  stm32f10x_adc.o(.text)
    ADC_SoftwareStartInjectedConvCmd         0x08001a3f   Thumb Code    22  stm32f10x_adc.o(.text)
    ADC_GetSoftwareStartInjectedConvCmdStatus 0x08001a55   Thumb Code    20  stm32f10x_adc.o(.text)
    ADC_InjectedChannelConfig                0x08001a69   Thumb Code   130  stm32f10x_adc.o(.text)
    ADC_InjectedSequencerLengthConfig        0x08001aeb   Thumb Code    24  stm32f10x_adc.o(.text)
    ADC_SetInjectedOffset                    0x08001b03   Thumb Code    20  stm32f10x_adc.o(.text)
    ADC_GetInjectedConversionValue           0x08001b17   Thumb Code    28  stm32f10x_adc.o(.text)
    ADC_AnalogWatchdogCmd                    0x08001b33   Thumb Code    16  stm32f10x_adc.o(.text)
    ADC_AnalogWatchdogThresholdsConfig       0x08001b43   Thumb Code     6  stm32f10x_adc.o(.text)
    ADC_AnalogWatchdogSingleChannelConfig    0x08001b49   Thumb Code    16  stm32f10x_adc.o(.text)
    ADC_TempSensorVrefintCmd                 0x08001b59   Thumb Code    64  stm32f10x_adc.o(.text)
    ADC_GetFlagStatus                        0x08001b99   Thumb Code    18  stm32f10x_adc.o(.text)
    ADC_ClearFlag                            0x08001bab   Thumb Code     6  stm32f10x_adc.o(.text)
    ADC_GetITStatus                          0x08001bb1   Thumb Code    36  stm32f10x_adc.o(.text)
    ADC_ClearITPendingBit                    0x08001bd5   Thumb Code    10  stm32f10x_adc.o(.text)
    ESP8266_Clear                            0x08001be1   Thumb Code    18  esp8266.o(.text)
    ESP8266_WaitRecive                       0x08001bf3   Thumb Code    42  esp8266.o(.text)
    ESP8266_SendCmd                          0x08001c1d   Thumb Code    86  esp8266.o(.text)
    ESP8266_SendData                         0x08001c73   Thumb Code    46  esp8266.o(.text)
    ESP8266_GetIPD                           0x08001ca1   Thumb Code    66  esp8266.o(.text)
    ESP8266_Init                             0x08001ce3   Thumb Code   184  esp8266.o(.text)
    USART2_IRQHandler                        0x08001d9b   Thumb Code    62  esp8266.o(.text)
    MQTT_NewBuffer                           0x08001f05   Thumb Code    88  mqttkit.o(.text)
    MQTT_DeleteBuffer                        0x08001f5d   Thumb Code    28  mqttkit.o(.text)
    MQTT_DumpLength                          0x08001f79   Thumb Code    46  mqttkit.o(.text)
    MQTT_ReadLength                          0x08001fa7   Thumb Code    70  mqttkit.o(.text)
    MQTT_UnPacketRecv                        0x08001fed   Thumb Code   106  mqttkit.o(.text)
    MQTT_PacketConnect                       0x08002057   Thumb Code   666  mqttkit.o(.text)
    MQTT_PacketDisConnect                    0x080022f1   Thumb Code    48  mqttkit.o(.text)
    MQTT_UnPacketConnectAck                  0x08002321   Thumb Code    30  mqttkit.o(.text)
    MQTT_PacketPublish                       0x0800233f   Thumb Code   452  mqttkit.o(.text)
    MQTT_PacketSaveData                      0x08002503   Thumb Code    88  mqttkit.o(.text)
    MQTT_PacketSaveBinData                   0x0800255b   Thumb Code   192  mqttkit.o(.text)
    MQTT_UnPacketCmd                         0x0800261b   Thumb Code   140  mqttkit.o(.text)
    MQTT_PacketCmdResp                       0x080026a7   Thumb Code   132  mqttkit.o(.text)
    MQTT_PacketSubscribe                     0x0800272b   Thumb Code   254  mqttkit.o(.text)
    MQTT_UnPacketSubscribe                   0x08002829   Thumb Code    52  mqttkit.o(.text)
    MQTT_PacketUnSubscribe                   0x0800285d   Thumb Code   268  mqttkit.o(.text)
    MQTT_UnPacketUnSubscribe                 0x08002969   Thumb Code    18  mqttkit.o(.text)
    MQTT_UnPacketPublish                     0x0800297b   Thumb Code   440  mqttkit.o(.text)
    MQTT_PacketPublishAck                    0x08002b33   Thumb Code    72  mqttkit.o(.text)
    MQTT_UnPacketPublishAck                  0x08002b7b   Thumb Code    30  mqttkit.o(.text)
    MQTT_PacketPublishRec                    0x08002b99   Thumb Code    72  mqttkit.o(.text)
    MQTT_UnPacketPublishRec                  0x08002be1   Thumb Code    30  mqttkit.o(.text)
    MQTT_PacketPublishRel                    0x08002bff   Thumb Code    72  mqttkit.o(.text)
    MQTT_UnPacketPublishRel                  0x08002c47   Thumb Code    36  mqttkit.o(.text)
    MQTT_PacketPublishComp                   0x08002c6b   Thumb Code    72  mqttkit.o(.text)
    MQTT_UnPacketPublishComp                 0x08002cb3   Thumb Code    30  mqttkit.o(.text)
    MQTT_PacketPing                          0x08002cd1   Thumb Code    48  mqttkit.o(.text)
    OneNet_DevLink                           0x08002d01   Thumb Code   212  onenet.o(.text)
    OneNet_Subscribe                         0x08002dd5   Thumb Code    80  onenet.o(.text)
    OneNet_Publish                           0x08002e25   Thumb Code    86  onenet.o(.text)
    OneNet_RevPro                            0x08002e7b   Thumb Code  1372  onenet.o(.text)
    cJSON_GetErrorPtr                        0x080033d9   Thumb Code     6  cjson.o(.text)
    cJSON_InitHooks                          0x08003453   Thumb Code    48  cjson.o(.text)
    cJSON_Delete                             0x0800349d   Thumb Code    82  cjson.o(.text)
    cJSON_ParseWithOpts                      0x08004009   Thumb Code   152  cjson.o(.text)
    cJSON_Parse                              0x080040a1   Thumb Code    16  cjson.o(.text)
    cJSON_Print                              0x08004831   Thumb Code    18  cjson.o(.text)
    cJSON_PrintUnformatted                   0x08004843   Thumb Code    18  cjson.o(.text)
    cJSON_PrintBuffered                      0x08004855   Thumb Code    52  cjson.o(.text)
    cJSON_GetArraySize                       0x08004889   Thumb Code    18  cjson.o(.text)
    cJSON_GetArrayItem                       0x0800489b   Thumb Code    18  cjson.o(.text)
    cJSON_GetObjectItem                      0x080048ad   Thumb Code    30  cjson.o(.text)
    cJSON_AddItemToArray                     0x08004901   Thumb Code    42  cjson.o(.text)
    cJSON_AddItemToObject                    0x0800492b   Thumb Code    44  cjson.o(.text)
    cJSON_AddItemToObjectCS                  0x08004957   Thumb Code    54  cjson.o(.text)
    cJSON_AddItemReferenceToArray            0x0800498d   Thumb Code    24  cjson.o(.text)
    cJSON_AddItemReferenceToObject           0x080049a5   Thumb Code    32  cjson.o(.text)
    cJSON_DetachItemFromArray                0x080049c5   Thumb Code    66  cjson.o(.text)
    cJSON_DeleteItemFromArray                0x08004a07   Thumb Code    22  cjson.o(.text)
    cJSON_DetachItemFromObject               0x08004a1d   Thumb Code    50  cjson.o(.text)
    cJSON_DeleteItemFromObject               0x08004a4f   Thumb Code    22  cjson.o(.text)
    cJSON_InsertItemInArray                  0x08004a65   Thumb Code    64  cjson.o(.text)
    cJSON_ReplaceItemInArray                 0x08004aa5   Thumb Code    76  cjson.o(.text)
    cJSON_ReplaceItemInObject                0x08004af1   Thumb Code    62  cjson.o(.text)
    cJSON_CreateNull                         0x08004b2f   Thumb Code    18  cjson.o(.text)
    cJSON_CreateTrue                         0x08004b41   Thumb Code    18  cjson.o(.text)
    cJSON_CreateFalse                        0x08004b53   Thumb Code    18  cjson.o(.text)
    cJSON_CreateBool                         0x08004b65   Thumb Code    26  cjson.o(.text)
    cJSON_CreateNumber                       0x08004b7f   Thumb Code    36  cjson.o(.text)
    cJSON_CreateString                       0x08004ba3   Thumb Code    28  cjson.o(.text)
    cJSON_CreateArray                        0x08004bbf   Thumb Code    18  cjson.o(.text)
    cJSON_CreateObject                       0x08004bd1   Thumb Code    18  cjson.o(.text)
    cJSON_CreateIntArray                     0x08004be3   Thumb Code    68  cjson.o(.text)
    cJSON_CreateFloatArray                   0x08004c27   Thumb Code    68  cjson.o(.text)
    cJSON_CreateDoubleArray                  0x08004c6b   Thumb Code    68  cjson.o(.text)
    cJSON_CreateStringArray                  0x08004caf   Thumb Code    62  cjson.o(.text)
    cJSON_Duplicate                          0x08004ced   Thumb Code   178  cjson.o(.text)
    cJSON_Minify                             0x08004d9f   Thumb Code   186  cjson.o(.text)
    malloc                                   0x08004e59   Thumb Code    94  h1_alloc.o(.text)
    free                                     0x08004eb7   Thumb Code    78  h1_free.o(.text)
    tolower                                  0x08004f05   Thumb Code    26  tolower.o(.text)
    __c89vsnprintf                           0x08004f21   Thumb Code    48  c89vsnprintf.o(.text)
    __2sprintf                               0x08004f55   Thumb Code    38  __2sprintf.o(.text)
    _printf_pre_padding                      0x08004f81   Thumb Code    44  _printf_pad.o(.text)
    _printf_post_padding                     0x08004fad   Thumb Code    34  _printf_pad.o(.text)
    _printf_str                              0x08004fcf   Thumb Code    82  _printf_str.o(.text)
    _printf_int_dec                          0x08005021   Thumb Code   104  _printf_dec.o(.text)
    _printf_longlong_hex                     0x08005099   Thumb Code    86  _printf_hex_int_ll_ptr.o(.text)
    _printf_int_hex                          0x080050ef   Thumb Code    28  _printf_hex_int_ll_ptr.o(.text)
    _printf_ll_hex                           0x0800510b   Thumb Code    12  _printf_hex_int_ll_ptr.o(.text)
    _printf_hex_ptr                          0x08005117   Thumb Code    18  _printf_hex_int_ll_ptr.o(.text)
    __printf                                 0x0800512d   Thumb Code   388  __printf_flags_ss_wp.o(.text)
    atoi                                     0x080052b5   Thumb Code    26  atoi.o(.text)
    strchr                                   0x080052cf   Thumb Code    20  strchr.o(.text)
    strncat                                  0x080052e3   Thumb Code    36  strncat.o(.text)
    strstr                                   0x08005307   Thumb Code    36  strstr.o(.text)
    strcpy                                   0x0800532b   Thumb Code    72  strcpy.o(.text)
    strlen                                   0x08005373   Thumb Code    62  strlen.o(.text)
    strncmp                                  0x080053b1   Thumb Code   150  strncmp.o(.text)
    __aeabi_memcpy                           0x08005447   Thumb Code     0  rt_memcpy_v6.o(.text)
    __rt_memcpy                              0x08005447   Thumb Code   138  rt_memcpy_v6.o(.text)
    _memcpy_lastbytes                        0x080054ad   Thumb Code     0  rt_memcpy_v6.o(.text)
    __aeabi_memcpy4                          0x080054d1   Thumb Code     0  rt_memcpy_w.o(.text)
    __aeabi_memcpy8                          0x080054d1   Thumb Code     0  rt_memcpy_w.o(.text)
    __rt_memcpy_w                            0x080054d1   Thumb Code   100  rt_memcpy_w.o(.text)
    _memcpy_lastbytes_aligned                0x08005519   Thumb Code     0  rt_memcpy_w.o(.text)
    __aeabi_memclr                           0x08005535   Thumb Code     0  rt_memclr.o(.text)
    __rt_memclr                              0x08005535   Thumb Code    68  rt_memclr.o(.text)
    _memset                                  0x08005539   Thumb Code     0  rt_memclr.o(.text)
    __aeabi_memclr4                          0x08005579   Thumb Code     0  rt_memclr_w.o(.text)
    __aeabi_memclr8                          0x08005579   Thumb Code     0  rt_memclr_w.o(.text)
    __rt_memclr_w                            0x08005579   Thumb Code    78  rt_memclr_w.o(.text)
    _memset_w                                0x0800557d   Thumb Code     0  rt_memclr_w.o(.text)
    __use_two_region_memory                  0x080055c7   Thumb Code     2  heapauxi.o(.text)
    __rt_heap_escrow                         0x080055c9   Thumb Code     2  heapauxi.o(.text)
    __rt_heap_expand                         0x080055cb   Thumb Code     2  heapauxi.o(.text)
    __rt_ctype_table                         0x080055cd   Thumb Code    16  rt_ctype_table.o(.text)
    __rt_heap_descriptor                     0x080055dd   Thumb Code     8  rt_heap_descriptor_intlibspace.o(.text)
    __aeabi_errno_addr                       0x080055e5   Thumb Code     8  rt_errno_addr_intlibspace.o(.text)
    __errno$intlibspace                      0x080055e5   Thumb Code     0  rt_errno_addr_intlibspace.o(.text)
    __rt_errno_addr$intlibspace              0x080055e5   Thumb Code     0  rt_errno_addr_intlibspace.o(.text)
    __use_no_heap                            0x080055ed   Thumb Code     2  hguard.o(.text)
    __heap$guard                             0x080055ef   Thumb Code     2  hguard.o(.text)
    _terminate_user_alloc                    0x080055f1   Thumb Code     2  init_alloc.o(.text)
    _init_user_alloc                         0x080055f3   Thumb Code     2  init_alloc.o(.text)
    __Heap_Full                              0x080055f5   Thumb Code    34  init_alloc.o(.text)
    __Heap_Broken                            0x08005617   Thumb Code     6  init_alloc.o(.text)
    _init_alloc                              0x0800561d   Thumb Code    94  init_alloc.o(.text)
    __Heap_Initialize                        0x0800567b   Thumb Code    10  h1_init.o(.text)
    __Heap_DescSize                          0x08005685   Thumb Code     4  h1_init.o(.text)
    __read_errno                             0x08005689   Thumb Code    10  _rserrno.o(.text)
    __set_errno                              0x08005693   Thumb Code    12  _rserrno.o(.text)
    _printf_truncate_signed                  0x0800569f   Thumb Code    18  _printf_truncate.o(.text)
    _printf_truncate_unsigned                0x080056b1   Thumb Code    18  _printf_truncate.o(.text)
    _printf_int_common                       0x080056c3   Thumb Code   178  _printf_intcommon.o(.text)
    _printf_charcount                        0x08005775   Thumb Code    40  _printf_charcount.o(.text)
    __lib_sel_fp_printf                      0x0800579d   Thumb Code     2  _printf_fp_dec.o(.text)
    _printf_fp_dec_real                      0x0800594f   Thumb Code   620  _printf_fp_dec.o(.text)
    _printf_char_common                      0x08005bc7   Thumb Code    32  _printf_char_common.o(.text)
    _sputc                                   0x08005bed   Thumb Code    10  _sputc.o(.text)
    _snputc                                  0x08005bf7   Thumb Code    16  _snputc.o(.text)
    _printf_cs_common                        0x08005c07   Thumb Code    20  _printf_char.o(.text)
    _printf_char                             0x08005c1b   Thumb Code    16  _printf_char.o(.text)
    _printf_string                           0x08005c2b   Thumb Code     8  _printf_char.o(.text)
    _printf_wctomb                           0x08005c35   Thumb Code   182  _printf_wctomb.o(.text)
    _printf_longlong_dec                     0x08005cf1   Thumb Code   108  _printf_longlong_dec.o(.text)
    _printf_longlong_oct                     0x08005d6d   Thumb Code    66  _printf_oct_int_ll.o(.text)
    _printf_int_oct                          0x08005daf   Thumb Code    24  _printf_oct_int_ll.o(.text)
    _printf_ll_oct                           0x08005dc7   Thumb Code    12  _printf_oct_int_ll.o(.text)
    strtol                                   0x08005ddd   Thumb Code   112  strtol.o(.text)
    __user_libspace                          0x08005e4d   Thumb Code     8  libspace.o(.text)
    __user_perproc_libspace                  0x08005e4d   Thumb Code     0  libspace.o(.text)
    __user_perthread_libspace                0x08005e4d   Thumb Code     0  libspace.o(.text)
    __rt_locale                              0x08005e55   Thumb Code     8  rt_locale_intlibspace.o(.text)
    __Heap_ProvideMemory                     0x08005e5d   Thumb Code    52  h1_extend.o(.text)
    _ll_udiv10                               0x08005e91   Thumb Code   138  lludiv10.o(.text)
    _printf_fp_infnan                        0x08005f1d   Thumb Code   112  _printf_fp_infnan.o(.text)
    _printf_lcs_common                       0x08005f9d   Thumb Code    20  _printf_wchar.o(.text)
    _printf_wchar                            0x08005fb1   Thumb Code    16  _printf_wchar.o(.text)
    _printf_wstring                          0x08005fc1   Thumb Code     8  _printf_wchar.o(.text)
    _strtoul                                 0x08005fc9   Thumb Code   158  _strtoul.o(.text)
    _btod_etento                             0x08006069   Thumb Code   224  bigflt0.o(.text)
    _wcrtomb                                 0x0800614d   Thumb Code    64  _wcrtomb.o(.text)
    __rt_SIGRTMEM                            0x0800618d   Thumb Code    14  defsig_rtmem_outer.o(.text)
    __I$use$semihosting                      0x0800619b   Thumb Code     0  use_no_semi.o(.text)
    __use_no_semihosting_swi                 0x0800619b   Thumb Code     2  use_no_semi.o(.text)
    __semihosting_library_function           0x0800619d   Thumb Code     0  indicate_semi.o(.text)
    __user_setup_stackheap                   0x0800619d   Thumb Code    74  sys_stackheap_outer.o(.text)
    _chval                                   0x080061e7   Thumb Code    28  _chval.o(.text)
    exit                                     0x08006203   Thumb Code    18  exit.o(.text)
    __sig_exit                               0x08006215   Thumb Code    10  defsig_exit.o(.text)
    __rt_SIGRTMEM_inner                      0x08006221   Thumb Code    22  defsig_rtmem_inner.o(.text)
    strcmp                                   0x08006271   Thumb Code   128  strcmpv7m.o(.text)
    _sys_exit                                0x080062f1   Thumb Code     8  sys_exit.o(.text)
    __default_signal_display                 0x080062fd   Thumb Code    50  defsig_general.o(.text)
    _ttywrch                                 0x0800632f   Thumb Code    14  sys_wrch.o(.text)
    _btod_d2e                                0x0800633d   Thumb Code    62  btod.o(CL$$btod_d2e)
    _d2e_denorm_low                          0x0800637b   Thumb Code    70  btod.o(CL$$btod_d2e_denorm_low)
    _d2e_norm_op1                            0x080063c1   Thumb Code    96  btod.o(CL$$btod_d2e_norm_op1)
    __btod_div_common                        0x08006421   Thumb Code   696  btod.o(CL$$btod_div_common)
    _e2e                                     0x08006759   Thumb Code   220  btod.o(CL$$btod_e2e)
    _btod_ediv                               0x08006835   Thumb Code    42  btod.o(CL$$btod_ediv)
    _btod_emul                               0x0800685f   Thumb Code    42  btod.o(CL$$btod_emul)
    __btod_mult_common                       0x08006889   Thumb Code   580  btod.o(CL$$btod_mult_common)
    __ARM_fpclassify                         0x08006acd   Thumb Code    40  fpclassify.o(i.__ARM_fpclassify)
    __kernel_poly                            0x08006af5   Thumb Code   170  poly.o(i.__kernel_poly)
    __mathlib_dbl_divzero                    0x08006ba1   Thumb Code    12  dunder.o(i.__mathlib_dbl_divzero)
    __mathlib_dbl_infnan2                    0x08006bb1   Thumb Code     4  dunder.o(i.__mathlib_dbl_infnan2)
    __mathlib_dbl_invalid                    0x08006bb5   Thumb Code    12  dunder.o(i.__mathlib_dbl_invalid)
    __mathlib_dbl_overflow                   0x08006bc1   Thumb Code    14  dunder.o(i.__mathlib_dbl_overflow)
    __mathlib_dbl_underflow                  0x08006bd1   Thumb Code    10  dunder.o(i.__mathlib_dbl_underflow)
    _is_digit                                0x08006be1   Thumb Code    14  __printf_wp.o(i._is_digit)
    floor                                    0x08006bf1   Thumb Code   204  floor.o(i.floor)
    pow                                      0x08006ccd   Thumb Code  2512  pow.o(i.pow)
    sqrt                                     0x080076a5   Thumb Code    76  sqrt.o(i.sqrt)
    _get_lc_ctype                            0x080076f1   Thumb Code    44  lc_ctype_c.o(locale$$code)
    _get_lc_numeric                          0x0800771d   Thumb Code    44  lc_numeric_c.o(locale$$code)
    __aeabi_dadd                             0x08007749   Thumb Code     0  daddsub_clz.o(x$fpl$dadd)
    _dadd                                    0x08007749   Thumb Code   332  daddsub_clz.o(x$fpl$dadd)
    __fpl_dcheck_NaN1                        0x08007899   Thumb Code    10  dcheck1.o(x$fpl$dcheck1)
    __fpl_dcmp_Inf                           0x080078a9   Thumb Code    24  dcmpi.o(x$fpl$dcmpinf)
    __aeabi_ddiv                             0x080078c1   Thumb Code     0  ddiv.o(x$fpl$ddiv)
    _ddiv                                    0x080078c1   Thumb Code   552  ddiv.o(x$fpl$ddiv)
    __aeabi_cdcmpeq                          0x08007b71   Thumb Code     0  deqf.o(x$fpl$deqf)
    _dcmpeq                                  0x08007b71   Thumb Code   120  deqf.o(x$fpl$deqf)
    __aeabi_d2iz                             0x08007be9   Thumb Code     0  dfix.o(x$fpl$dfix)
    _dfix                                    0x08007be9   Thumb Code    94  dfix.o(x$fpl$dfix)
    __aeabi_i2d                              0x08007c47   Thumb Code     0  dflt_clz.o(x$fpl$dflt)
    _dflt                                    0x08007c47   Thumb Code    46  dflt_clz.o(x$fpl$dflt)
    __aeabi_cdcmple                          0x08007c75   Thumb Code     0  dleqf.o(x$fpl$dleqf)
    _dcmple                                  0x08007c75   Thumb Code   120  dleqf.o(x$fpl$dleqf)
    __fpl_dcmple_InfNaN                      0x08007cd7   Thumb Code     0  dleqf.o(x$fpl$dleqf)
    __aeabi_dmul                             0x08007ced   Thumb Code     0  dmul.o(x$fpl$dmul)
    _dmul                                    0x08007ced   Thumb Code   332  dmul.o(x$fpl$dmul)
    __fpl_dnaninf                            0x08007e41   Thumb Code   156  dnaninf.o(x$fpl$dnaninf)
    __fpl_dretinf                            0x08007edd   Thumb Code    12  dretinf.o(x$fpl$dretinf)
    __aeabi_cdrcmple                         0x08007ee9   Thumb Code     0  drleqf.o(x$fpl$drleqf)
    _drcmple                                 0x08007ee9   Thumb Code   108  drleqf.o(x$fpl$drleqf)
    __aeabi_drsub                            0x08007f55   Thumb Code     0  daddsub_clz.o(x$fpl$drsb)
    _drsb                                    0x08007f55   Thumb Code    22  daddsub_clz.o(x$fpl$drsb)
    _dsqrt                                   0x08007f6d   Thumb Code   456  dsqrt_noumaal.o(x$fpl$dsqrt)
    __aeabi_dsub                             0x08008139   Thumb Code     0  daddsub_clz.o(x$fpl$dsub)
    _dsub                                    0x08008139   Thumb Code   464  daddsub_clz.o(x$fpl$dsub)
    __aeabi_f2d                              0x0800830d   Thumb Code     0  f2d.o(x$fpl$f2d)
    _f2d                                     0x0800830d   Thumb Code    86  f2d.o(x$fpl$f2d)
    __fpl_fnaninf                            0x08008363   Thumb Code   140  fnaninf.o(x$fpl$fnaninf)
    _printf_fp_dec                           0x080083ef   Thumb Code     4  printf1.o(x$fpl$printf1)
    __fpl_return_NaN                         0x080083f3   Thumb Code   100  retnan.o(x$fpl$retnan)
    __ARM_scalbn                             0x08008457   Thumb Code    92  scalbn.o(x$fpl$scalbn)
    __fpl_cmpreturn                          0x080084b3   Thumb Code    48  trapv.o(x$fpl$trapveneer)
    __I$use$fp                               0x080084e2   Number         0  usenofp.o(x$fpl$usenofp)
    devPubTopic                              0x080084e2   Data          18  main.o(.constdata)
    __mathlib_zero                           0x080085c8   Data           8  qnan.o(.constdata)
    Region$$Table$$Base                      0x08008718   Number         0  anon$$obj.o(Region$$Table)
    Region$$Table$$Limit                     0x08008738   Number         0  anon$$obj.o(Region$$Table)
    __ctype                                  0x08008745   Data           0  lc_ctype_c.o(locale$$data)
    humidity                                 0x20000000   Data           1  main.o(.data)
    temperature                              0x20000001   Data           1  main.o(.data)
    smoke                                    0x20000002   Data           2  main.o(.data)
    devSubTopic                              0x20000004   Data           4  main.o(.data)
    SystemCoreClock                          0x20000008   Data           4  system_stm32f10x.o(.data)
    AHBPrescTable                            0x2000000c   Data          16  system_stm32f10x.o(.data)
    esp8266_cnt                              0x20000034   Data           2  esp8266.o(.data)
    esp8266_cntPre                           0x20000036   Data           2  esp8266.o(.data)
    PUB_BUF                                  0x20000048   Data         256  main.o(.bss)
    esp8266_buf                              0x20000148   Data         128  esp8266.o(.bss)
    __libspace_start                         0x200001c8   Data          96  libspace.o(.bss)
    __temporary_stack_top$libspace           0x20000228   Data           0  libspace.o(.bss)



==============================================================================

Memory Map of the image

  Image Entry point : 0x08000131

  Load Region LR_IROM1 (Base: 0x08000000, Size: 0x000088ac, Max: 0x00010000, ABSOLUTE)

    Execution Region ER_IROM1 (Exec base: 0x08000000, Load base: 0x08000000, Size: 0x00008864, Max: 0x00010000, ABSOLUTE)

    Exec Addr    Load Addr    Size         Type   Attr      Idx    E Section Name        Object

    0x08000000   0x08000000   0x00000130   Data   RO          295    RESET               startup_stm32f10x_hd.o
    0x08000130   0x08000130   0x00000008   Code   RO          612  * !!!main             c_w.l(__main.o)
    0x08000138   0x08000138   0x00000034   Code   RO         1015    !!!scatter          c_w.l(__scatter.o)
    0x0800016c   0x0800016c   0x0000001a   Code   RO         1017    !!handler_copy      c_w.l(__scatter_copy.o)
    0x08000186   0x08000186   0x00000002   PAD
    0x08000188   0x08000188   0x0000001c   Code   RO         1019    !!handler_zi        c_w.l(__scatter_zi.o)
    0x080001a4   0x080001a4   0x00000000   Code   RO          587    .ARM.Collect$$_printf_percent$$00000000  c_w.l(_printf_percent.o)
    0x080001a4   0x080001a4   0x00000006   Code   RO          721    .ARM.Collect$$_printf_percent$$00000001  c_w.l(_printf_n.o)
    0x080001aa   0x080001aa   0x00000006   Code   RO          722    .ARM.Collect$$_printf_percent$$00000002  c_w.l(_printf_p.o)
    0x080001b0   0x080001b0   0x00000006   Code   RO          585    .ARM.Collect$$_printf_percent$$00000003  c_w.l(_printf_f.o)
    0x080001b6   0x080001b6   0x00000006   Code   RO          586    .ARM.Collect$$_printf_percent$$00000004  c_w.l(_printf_e.o)
    0x080001bc   0x080001bc   0x00000006   Code   RO          726    .ARM.Collect$$_printf_percent$$00000005  c_w.l(_printf_g.o)
    0x080001c2   0x080001c2   0x00000006   Code   RO          727    .ARM.Collect$$_printf_percent$$00000006  c_w.l(_printf_a.o)
    0x080001c8   0x080001c8   0x0000000a   Code   RO          732    .ARM.Collect$$_printf_percent$$00000007  c_w.l(_printf_ll.o)
    0x080001d2   0x080001d2   0x00000006   Code   RO          724    .ARM.Collect$$_printf_percent$$00000008  c_w.l(_printf_i.o)
    0x080001d8   0x080001d8   0x00000006   Code   RO          584    .ARM.Collect$$_printf_percent$$00000009  c_w.l(_printf_d.o)
    0x080001de   0x080001de   0x00000006   Code   RO          725    .ARM.Collect$$_printf_percent$$0000000A  c_w.l(_printf_u.o)
    0x080001e4   0x080001e4   0x00000006   Code   RO          723    .ARM.Collect$$_printf_percent$$0000000B  c_w.l(_printf_o.o)
    0x080001ea   0x080001ea   0x00000006   Code   RO          583    .ARM.Collect$$_printf_percent$$0000000C  c_w.l(_printf_x.o)
    0x080001f0   0x080001f0   0x00000006   Code   RO          729    .ARM.Collect$$_printf_percent$$0000000D  c_w.l(_printf_lli.o)
    0x080001f6   0x080001f6   0x00000006   Code   RO          730    .ARM.Collect$$_printf_percent$$0000000E  c_w.l(_printf_lld.o)
    0x080001fc   0x080001fc   0x00000006   Code   RO          731    .ARM.Collect$$_printf_percent$$0000000F  c_w.l(_printf_llu.o)
    0x08000202   0x08000202   0x00000006   Code   RO          736    .ARM.Collect$$_printf_percent$$00000010  c_w.l(_printf_llo.o)
    0x08000208   0x08000208   0x00000006   Code   RO          737    .ARM.Collect$$_printf_percent$$00000011  c_w.l(_printf_llx.o)
    0x0800020e   0x0800020e   0x0000000a   Code   RO          733    .ARM.Collect$$_printf_percent$$00000012  c_w.l(_printf_l.o)
    0x08000218   0x08000218   0x00000006   Code   RO          720    .ARM.Collect$$_printf_percent$$00000013  c_w.l(_printf_c.o)
    0x0800021e   0x0800021e   0x00000006   Code   RO          582    .ARM.Collect$$_printf_percent$$00000014  c_w.l(_printf_s.o)
    0x08000224   0x08000224   0x00000006   Code   RO          734    .ARM.Collect$$_printf_percent$$00000015  c_w.l(_printf_lc.o)
    0x0800022a   0x0800022a   0x00000006   Code   RO          735    .ARM.Collect$$_printf_percent$$00000016  c_w.l(_printf_ls.o)
    0x08000230   0x08000230   0x00000004   Code   RO          728    .ARM.Collect$$_printf_percent$$00000017  c_w.l(_printf_percent_end.o)
    0x08000234   0x08000234   0x00000002   Code   RO          950    .ARM.Collect$$libinit$$00000000  c_w.l(libinit.o)
    0x08000236   0x08000236   0x00000000   Code   RO          743    .ARM.Collect$$libinit$$00000002  c_w.l(libinit2.o)
    0x08000236   0x08000236   0x00000000   Code   RO          745    .ARM.Collect$$libinit$$00000004  c_w.l(libinit2.o)
    0x08000236   0x08000236   0x00000008   Code   RO          746    .ARM.Collect$$libinit$$00000005  c_w.l(libinit2.o)
    0x0800023e   0x0800023e   0x00000000   Code   RO          748    .ARM.Collect$$libinit$$0000000A  c_w.l(libinit2.o)
    0x0800023e   0x0800023e   0x00000000   Code   RO          750    .ARM.Collect$$libinit$$0000000C  c_w.l(libinit2.o)
    0x0800023e   0x0800023e   0x00000000   Code   RO          752    .ARM.Collect$$libinit$$0000000E  c_w.l(libinit2.o)
    0x0800023e   0x0800023e   0x00000006   Code   RO          753    .ARM.Collect$$libinit$$0000000F  c_w.l(libinit2.o)
    0x08000244   0x08000244   0x00000000   Code   RO          755    .ARM.Collect$$libinit$$00000011  c_w.l(libinit2.o)
    0x08000244   0x08000244   0x0000000c   Code   RO          756    .ARM.Collect$$libinit$$00000012  c_w.l(libinit2.o)
    0x08000250   0x08000250   0x00000000   Code   RO          757    .ARM.Collect$$libinit$$00000013  c_w.l(libinit2.o)
    0x08000250   0x08000250   0x00000000   Code   RO          759    .ARM.Collect$$libinit$$00000015  c_w.l(libinit2.o)
    0x08000250   0x08000250   0x0000000a   Code   RO          760    .ARM.Collect$$libinit$$00000016  c_w.l(libinit2.o)
    0x0800025a   0x0800025a   0x00000000   Code   RO          761    .ARM.Collect$$libinit$$00000017  c_w.l(libinit2.o)
    0x0800025a   0x0800025a   0x00000000   Code   RO          763    .ARM.Collect$$libinit$$00000019  c_w.l(libinit2.o)
    0x0800025a   0x0800025a   0x00000000   Code   RO          765    .ARM.Collect$$libinit$$0000001B  c_w.l(libinit2.o)
    0x0800025a   0x0800025a   0x00000000   Code   RO          767    .ARM.Collect$$libinit$$0000001D  c_w.l(libinit2.o)
    0x0800025a   0x0800025a   0x00000000   Code   RO          769    .ARM.Collect$$libinit$$0000001F  c_w.l(libinit2.o)
    0x0800025a   0x0800025a   0x00000000   Code   RO          771    .ARM.Collect$$libinit$$00000021  c_w.l(libinit2.o)
    0x0800025a   0x0800025a   0x00000000   Code   RO          773    .ARM.Collect$$libinit$$00000023  c_w.l(libinit2.o)
    0x0800025a   0x0800025a   0x00000000   Code   RO          775    .ARM.Collect$$libinit$$00000025  c_w.l(libinit2.o)
    0x0800025a   0x0800025a   0x00000000   Code   RO          779    .ARM.Collect$$libinit$$0000002C  c_w.l(libinit2.o)
    0x0800025a   0x0800025a   0x00000000   Code   RO          781    .ARM.Collect$$libinit$$0000002E  c_w.l(libinit2.o)
    0x0800025a   0x0800025a   0x00000000   Code   RO          783    .ARM.Collect$$libinit$$00000030  c_w.l(libinit2.o)
    0x0800025a   0x0800025a   0x00000000   Code   RO          785    .ARM.Collect$$libinit$$00000032  c_w.l(libinit2.o)
    0x0800025a   0x0800025a   0x00000002   Code   RO          786    .ARM.Collect$$libinit$$00000033  c_w.l(libinit2.o)
    0x0800025c   0x0800025c   0x00000002   Code   RO         1012    .ARM.Collect$$libshutdown$$00000000  c_w.l(libshutdown.o)
    0x0800025e   0x0800025e   0x00000000   Code   RO          966    .ARM.Collect$$libshutdown$$00000002  c_w.l(libshutdown2.o)
    0x0800025e   0x0800025e   0x00000000   Code   RO          968    .ARM.Collect$$libshutdown$$00000004  c_w.l(libshutdown2.o)
    0x0800025e   0x0800025e   0x00000000   Code   RO          971    .ARM.Collect$$libshutdown$$00000007  c_w.l(libshutdown2.o)
    0x0800025e   0x0800025e   0x00000000   Code   RO          974    .ARM.Collect$$libshutdown$$0000000A  c_w.l(libshutdown2.o)
    0x0800025e   0x0800025e   0x00000000   Code   RO          976    .ARM.Collect$$libshutdown$$0000000C  c_w.l(libshutdown2.o)
    0x0800025e   0x0800025e   0x00000000   Code   RO          979    .ARM.Collect$$libshutdown$$0000000F  c_w.l(libshutdown2.o)
    0x0800025e   0x0800025e   0x00000002   Code   RO          980    .ARM.Collect$$libshutdown$$00000010  c_w.l(libshutdown2.o)
    0x08000260   0x08000260   0x00000000   Code   RO          658    .ARM.Collect$$rtentry$$00000000  c_w.l(__rtentry.o)
    0x08000260   0x08000260   0x00000000   Code   RO          835    .ARM.Collect$$rtentry$$00000002  c_w.l(__rtentry2.o)
    0x08000260   0x08000260   0x00000006   Code   RO          847    .ARM.Collect$$rtentry$$00000004  c_w.l(__rtentry4.o)
    0x08000266   0x08000266   0x00000000   Code   RO          837    .ARM.Collect$$rtentry$$00000009  c_w.l(__rtentry2.o)
    0x08000266   0x08000266   0x00000004   Code   RO          838    .ARM.Collect$$rtentry$$0000000A  c_w.l(__rtentry2.o)
    0x0800026a   0x0800026a   0x00000000   Code   RO          840    .ARM.Collect$$rtentry$$0000000C  c_w.l(__rtentry2.o)
    0x0800026a   0x0800026a   0x00000008   Code   RO          841    .ARM.Collect$$rtentry$$0000000D  c_w.l(__rtentry2.o)
    0x08000272   0x08000272   0x00000002   Code   RO          955    .ARM.Collect$$rtexit$$00000000  c_w.l(rtexit.o)
    0x08000274   0x08000274   0x00000000   Code   RO          986    .ARM.Collect$$rtexit$$00000002  c_w.l(rtexit2.o)
    0x08000274   0x08000274   0x00000004   Code   RO          987    .ARM.Collect$$rtexit$$00000003  c_w.l(rtexit2.o)
    0x08000278   0x08000278   0x00000006   Code   RO          988    .ARM.Collect$$rtexit$$00000004  c_w.l(rtexit2.o)
    0x0800027e   0x0800027e   0x00000002   PAD
    0x08000280   0x08000280   0x00000000   Code   RO          856    .emb_text           c_w.l(maybetermalloc1.o)
    0x08000280   0x08000280   0x00000174   Code   RO            1    .text               main.o
    0x080003f4   0x080003f4   0x0000001a   Code   RO          138    .text               stm32f10x_it.o
    0x0800040e   0x0800040e   0x00000002   PAD
    0x08000410   0x08000410   0x000001e0   Code   RO          179    .text               system_stm32f10x.o
    0x080005f0   0x080005f0   0x00000050   Code   RO          197    .text               led.o
    0x08000640   0x08000640   0x00000198   Code   RO          209    .text               dht11.o
    0x080007d8   0x080007d8   0x000000d4   Code   RO          221    .text               delay.o
    0x080008ac   0x080008ac   0x000001e8   Code   RO          252    .text               usart.o
    0x08000a94   0x08000a94   0x000000d8   Code   RO          271    .text               adc.o
    0x08000b6c   0x08000b6c   0x00000040   Code   RO          296    .text               startup_stm32f10x_hd.o
    0x08000bac   0x08000bac   0x0000035c   Code   RO          300    .text               stm32f10x_gpio.o
    0x08000f08   0x08000f08   0x000003a4   Code   RO          312    .text               stm32f10x_rcc.o
    0x080012ac   0x080012ac   0x00000408   Code   RO          326    .text               stm32f10x_usart.o
    0x080016b4   0x080016b4   0x000000dc   Code   RO          338    .text               misc.o
    0x08001790   0x08001790   0x0000044e   Code   RO          350    .text               stm32f10x_adc.o
    0x08001bde   0x08001bde   0x00000002   PAD
    0x08001be0   0x08001be0   0x00000324   Code   RO          362    .text               esp8266.o
    0x08001f04   0x08001f04   0x00000dfc   Code   RO          378    .text               mqttkit.o
    0x08002d00   0x08002d00   0x000006d6   Code   RO          406    .text               onenet.o
    0x080033d6   0x080033d6   0x00000002   PAD
    0x080033d8   0x080033d8   0x00001a80   Code   RO          426    .text               cjson.o
    0x08004e58   0x08004e58   0x0000005e   Code   RO          467    .text               c_w.l(h1_alloc.o)
    0x08004eb6   0x08004eb6   0x0000004e   Code   RO          469    .text               c_w.l(h1_free.o)
    0x08004f04   0x08004f04   0x0000001a   Code   RO          525    .text               c_w.l(tolower.o)
    0x08004f1e   0x08004f1e   0x00000002   PAD
    0x08004f20   0x08004f20   0x00000034   Code   RO          527    .text               c_w.l(c89vsnprintf.o)
    0x08004f54   0x08004f54   0x0000002c   Code   RO          529    .text               c_w.l(__2sprintf.o)
    0x08004f80   0x08004f80   0x0000004e   Code   RO          535    .text               c_w.l(_printf_pad.o)
    0x08004fce   0x08004fce   0x00000052   Code   RO          537    .text               c_w.l(_printf_str.o)
    0x08005020   0x08005020   0x00000078   Code   RO          539    .text               c_w.l(_printf_dec.o)
    0x08005098   0x08005098   0x00000094   Code   RO          559    .text               c_w.l(_printf_hex_int_ll_ptr.o)
    0x0800512c   0x0800512c   0x00000188   Code   RO          579    .text               c_w.l(__printf_flags_ss_wp.o)
    0x080052b4   0x080052b4   0x0000001a   Code   RO          588    .text               c_w.l(atoi.o)
    0x080052ce   0x080052ce   0x00000014   Code   RO          590    .text               c_w.l(strchr.o)
    0x080052e2   0x080052e2   0x00000024   Code   RO          592    .text               c_w.l(strncat.o)
    0x08005306   0x08005306   0x00000024   Code   RO          594    .text               c_w.l(strstr.o)
    0x0800532a   0x0800532a   0x00000048   Code   RO          596    .text               c_w.l(strcpy.o)
    0x08005372   0x08005372   0x0000003e   Code   RO          598    .text               c_w.l(strlen.o)
    0x080053b0   0x080053b0   0x00000096   Code   RO          600    .text               c_w.l(strncmp.o)
    0x08005446   0x08005446   0x0000008a   Code   RO          602    .text               c_w.l(rt_memcpy_v6.o)
    0x080054d0   0x080054d0   0x00000064   Code   RO          604    .text               c_w.l(rt_memcpy_w.o)
    0x08005534   0x08005534   0x00000044   Code   RO          606    .text               c_w.l(rt_memclr.o)
    0x08005578   0x08005578   0x0000004e   Code   RO          608    .text               c_w.l(rt_memclr_w.o)
    0x080055c6   0x080055c6   0x00000006   Code   RO          610    .text               c_w.l(heapauxi.o)
    0x080055cc   0x080055cc   0x00000010   Code   RO          659    .text               c_w.l(rt_ctype_table.o)
    0x080055dc   0x080055dc   0x00000008   Code   RO          664    .text               c_w.l(rt_heap_descriptor_intlibspace.o)
    0x080055e4   0x080055e4   0x00000008   Code   RO          669    .text               c_w.l(rt_errno_addr_intlibspace.o)
    0x080055ec   0x080055ec   0x00000004   Code   RO          671    .text               c_w.l(hguard.o)
    0x080055f0   0x080055f0   0x0000008a   Code   RO          673    .text               c_w.l(init_alloc.o)
    0x0800567a   0x0800567a   0x0000000e   Code   RO          677    .text               c_w.l(h1_init.o)
    0x08005688   0x08005688   0x00000016   Code   RO          691    .text               c_w.l(_rserrno.o)
    0x0800569e   0x0800569e   0x00000024   Code   RO          693    .text               c_w.l(_printf_truncate.o)
    0x080056c2   0x080056c2   0x000000b2   Code   RO          695    .text               c_w.l(_printf_intcommon.o)
    0x08005774   0x08005774   0x00000028   Code   RO          697    .text               c_w.l(_printf_charcount.o)
    0x0800579c   0x0800579c   0x0000041e   Code   RO          699    .text               c_w.l(_printf_fp_dec.o)
    0x08005bba   0x08005bba   0x00000002   PAD
    0x08005bbc   0x08005bbc   0x00000030   Code   RO          701    .text               c_w.l(_printf_char_common.o)
    0x08005bec   0x08005bec   0x0000000a   Code   RO          703    .text               c_w.l(_sputc.o)
    0x08005bf6   0x08005bf6   0x00000010   Code   RO          705    .text               c_w.l(_snputc.o)
    0x08005c06   0x08005c06   0x0000002c   Code   RO          707    .text               c_w.l(_printf_char.o)
    0x08005c32   0x08005c32   0x00000002   PAD
    0x08005c34   0x08005c34   0x000000bc   Code   RO          709    .text               c_w.l(_printf_wctomb.o)
    0x08005cf0   0x08005cf0   0x0000007c   Code   RO          712    .text               c_w.l(_printf_longlong_dec.o)
    0x08005d6c   0x08005d6c   0x00000070   Code   RO          718    .text               c_w.l(_printf_oct_int_ll.o)
    0x08005ddc   0x08005ddc   0x00000070   Code   RO          738    .text               c_w.l(strtol.o)
    0x08005e4c   0x08005e4c   0x00000008   Code   RO          831    .text               c_w.l(libspace.o)
    0x08005e54   0x08005e54   0x00000008   Code   RO          852    .text               c_w.l(rt_locale_intlibspace.o)
    0x08005e5c   0x08005e5c   0x00000034   Code   RO          858    .text               c_w.l(h1_extend.o)
    0x08005e90   0x08005e90   0x0000008a   Code   RO          862    .text               c_w.l(lludiv10.o)
    0x08005f1a   0x08005f1a   0x00000002   PAD
    0x08005f1c   0x08005f1c   0x00000080   Code   RO          864    .text               c_w.l(_printf_fp_infnan.o)
    0x08005f9c   0x08005f9c   0x0000002c   Code   RO          868    .text               c_w.l(_printf_wchar.o)
    0x08005fc8   0x08005fc8   0x0000009e   Code   RO          870    .text               c_w.l(_strtoul.o)
    0x08006066   0x08006066   0x00000002   PAD
    0x08006068   0x08006068   0x000000e4   Code   RO          872    .text               c_w.l(bigflt0.o)
    0x0800614c   0x0800614c   0x00000040   Code   RO          897    .text               c_w.l(_wcrtomb.o)
    0x0800618c   0x0800618c   0x0000000e   Code   RO          905    .text               c_w.l(defsig_rtmem_outer.o)
    0x0800619a   0x0800619a   0x00000002   Code   RO          922    .text               c_w.l(use_no_semi.o)
    0x0800619c   0x0800619c   0x00000000   Code   RO          924    .text               c_w.l(indicate_semi.o)
    0x0800619c   0x0800619c   0x0000004a   Code   RO          925    .text               c_w.l(sys_stackheap_outer.o)
    0x080061e6   0x080061e6   0x0000001c   Code   RO          931    .text               c_w.l(_chval.o)
    0x08006202   0x08006202   0x00000012   Code   RO          933    .text               c_w.l(exit.o)
    0x08006214   0x08006214   0x0000000a   Code   RO          935    .text               c_w.l(defsig_exit.o)
    0x0800621e   0x0800621e   0x00000002   PAD
    0x08006220   0x08006220   0x00000050   Code   RO          937    .text               c_w.l(defsig_rtmem_inner.o)
    0x08006270   0x08006270   0x00000080   Code   RO          939    .text               c_w.l(strcmpv7m.o)
    0x080062f0   0x080062f0   0x0000000c   Code   RO          953    .text               c_w.l(sys_exit.o)
    0x080062fc   0x080062fc   0x00000032   Code   RO          963    .text               c_w.l(defsig_general.o)
    0x0800632e   0x0800632e   0x0000000e   Code   RO          983    .text               c_w.l(sys_wrch.o)
    0x0800633c   0x0800633c   0x0000003e   Code   RO          875    CL$$btod_d2e        c_w.l(btod.o)
    0x0800637a   0x0800637a   0x00000046   Code   RO          877    CL$$btod_d2e_denorm_low  c_w.l(btod.o)
    0x080063c0   0x080063c0   0x00000060   Code   RO          876    CL$$btod_d2e_norm_op1  c_w.l(btod.o)
    0x08006420   0x08006420   0x00000338   Code   RO          885    CL$$btod_div_common  c_w.l(btod.o)
    0x08006758   0x08006758   0x000000dc   Code   RO          882    CL$$btod_e2e        c_w.l(btod.o)
    0x08006834   0x08006834   0x0000002a   Code   RO          879    CL$$btod_ediv       c_w.l(btod.o)
    0x0800685e   0x0800685e   0x0000002a   Code   RO          878    CL$$btod_emul       c_w.l(btod.o)
    0x08006888   0x08006888   0x00000244   Code   RO          884    CL$$btod_mult_common  c_w.l(btod.o)
    0x08006acc   0x08006acc   0x00000028   Code   RO          816    i.__ARM_fpclassify  m_ws.l(fpclassify.o)
    0x08006af4   0x08006af4   0x000000aa   Code   RO          818    i.__kernel_poly     m_ws.l(poly.o)
    0x08006b9e   0x08006b9e   0x00000002   PAD
    0x08006ba0   0x08006ba0   0x00000010   Code   RO          802    i.__mathlib_dbl_divzero  m_ws.l(dunder.o)
    0x08006bb0   0x08006bb0   0x00000004   Code   RO          804    i.__mathlib_dbl_infnan2  m_ws.l(dunder.o)
    0x08006bb4   0x08006bb4   0x0000000c   Code   RO          805    i.__mathlib_dbl_invalid  m_ws.l(dunder.o)
    0x08006bc0   0x08006bc0   0x0000000e   Code   RO          806    i.__mathlib_dbl_overflow  m_ws.l(dunder.o)
    0x08006bce   0x08006bce   0x00000002   PAD
    0x08006bd0   0x08006bd0   0x00000010   Code   RO          808    i.__mathlib_dbl_underflow  m_ws.l(dunder.o)
    0x08006be0   0x08006be0   0x0000000e   Code   RO          572    i._is_digit         c_w.l(__printf_wp.o)
    0x08006bee   0x08006bee   0x00000002   PAD
    0x08006bf0   0x08006bf0   0x000000dc   Code   RO          643    i.floor             m_ws.l(floor.o)
    0x08006ccc   0x08006ccc   0x000009d8   Code   RO          647    i.pow               m_ws.l(pow.o)
    0x080076a4   0x080076a4   0x0000004c   Code   RO          822    i.sqrt              m_ws.l(sqrt.o)
    0x080076f0   0x080076f0   0x0000002c   Code   RO          900    locale$$code        c_w.l(lc_ctype_c.o)
    0x0800771c   0x0800771c   0x0000002c   Code   RO          903    locale$$code        c_w.l(lc_numeric_c.o)
    0x08007748   0x08007748   0x00000150   Code   RO          614    x$fpl$dadd          fz_ws.l(daddsub_clz.o)
    0x08007898   0x08007898   0x00000010   Code   RO          914    x$fpl$dcheck1       fz_ws.l(dcheck1.o)
    0x080078a8   0x080078a8   0x00000018   Code   RO          787    x$fpl$dcmpinf       fz_ws.l(dcmpi.o)
    0x080078c0   0x080078c0   0x000002b0   Code   RO          790    x$fpl$ddiv          fz_ws.l(ddiv.o)
    0x08007b70   0x08007b70   0x00000078   Code   RO          620    x$fpl$deqf          fz_ws.l(deqf.o)
    0x08007be8   0x08007be8   0x0000005e   Code   RO          622    x$fpl$dfix          fz_ws.l(dfix.o)
    0x08007c46   0x08007c46   0x0000002e   Code   RO          627    x$fpl$dflt          fz_ws.l(dflt_clz.o)
    0x08007c74   0x08007c74   0x00000078   Code   RO          632    x$fpl$dleqf         fz_ws.l(dleqf.o)
    0x08007cec   0x08007cec   0x00000154   Code   RO          634    x$fpl$dmul          fz_ws.l(dmul.o)
    0x08007e40   0x08007e40   0x0000009c   Code   RO          793    x$fpl$dnaninf       fz_ws.l(dnaninf.o)
    0x08007edc   0x08007edc   0x0000000c   Code   RO          795    x$fpl$dretinf       fz_ws.l(dretinf.o)
    0x08007ee8   0x08007ee8   0x0000006c   Code   RO          636    x$fpl$drleqf        fz_ws.l(drleqf.o)
    0x08007f54   0x08007f54   0x00000016   Code   RO          615    x$fpl$drsb          fz_ws.l(daddsub_clz.o)
    0x08007f6a   0x08007f6a   0x00000002   PAD
    0x08007f6c   0x08007f6c   0x000001cc   Code   RO          916    x$fpl$dsqrt         fz_ws.l(dsqrt_noumaal.o)
    0x08008138   0x08008138   0x000001d4   Code   RO          616    x$fpl$dsub          fz_ws.l(daddsub_clz.o)
    0x0800830c   0x0800830c   0x00000056   Code   RO          638    x$fpl$f2d           fz_ws.l(f2d.o)
    0x08008362   0x08008362   0x0000008c   Code   RO          797    x$fpl$fnaninf       fz_ws.l(fnaninf.o)
    0x080083ee   0x080083ee   0x00000004   Code   RO          640    x$fpl$printf1       fz_ws.l(printf1.o)
    0x080083f2   0x080083f2   0x00000064   Code   RO          951    x$fpl$retnan        fz_ws.l(retnan.o)
    0x08008456   0x08008456   0x0000005c   Code   RO          799    x$fpl$scalbn        fz_ws.l(scalbn.o)
    0x080084b2   0x080084b2   0x00000030   Code   RO          981    x$fpl$trapveneer    fz_ws.l(trapv.o)
    0x080084e2   0x080084e2   0x00000000   Code   RO          801    x$fpl$usenofp       fz_ws.l(usenofp.o)
    0x080084e2   0x080084e2   0x00000012   Data   RO            3    .constdata          main.o
    0x080084f4   0x080084f4   0x00000007   Data   RO          427    .constdata          cjson.o
    0x080084fb   0x080084fb   0x00000028   Data   RO          560    .constdata          c_w.l(_printf_hex_int_ll_ptr.o)
    0x08008523   0x08008523   0x00000011   Data   RO          580    .constdata          c_w.l(__printf_flags_ss_wp.o)
    0x08008534   0x08008534   0x00000004   PAD
    0x08008538   0x08008538   0x00000088   Data   RO          648    .constdata          m_ws.l(pow.o)
    0x080085c0   0x080085c0   0x00000008   Data   RO          710    .constdata          c_w.l(_printf_wctomb.o)
    0x080085c8   0x080085c8   0x00000008   Data   RO          820    .constdata          m_ws.l(qnan.o)
    0x080085d0   0x080085d0   0x00000094   Data   RO          873    .constdata          c_w.l(bigflt0.o)
    0x08008664   0x08008664   0x000000b3   Data   RO            4    .conststring        main.o
    0x08008717   0x08008717   0x00000001   PAD
    0x08008718   0x08008718   0x00000020   Data   RO         1013    Region$$Table       anon$$obj.o
    0x08008738   0x08008738   0x00000110   Data   RO          899    locale$$data        c_w.l(lc_ctype_c.o)
    0x08008848   0x08008848   0x0000001c   Data   RO          902    locale$$data        c_w.l(lc_numeric_c.o)


    Execution Region RW_IRAM1 (Exec base: 0x20000000, Load base: 0x08008864, Size: 0x00000828, Max: 0x00005000, ABSOLUTE)

    Exec Addr    Load Addr    Size         Type   Attr      Idx    E Section Name        Object

    0x20000000   0x08008864   0x00000008   Data   RW            5    .data               main.o
    0x20000008   0x0800886c   0x00000014   Data   RW          180    .data               system_stm32f10x.o
    0x2000001c   0x08008880   0x00000004   Data   RW          222    .data               delay.o
    0x20000020   0x08008884   0x00000014   Data   RW          313    .data               stm32f10x_rcc.o
    0x20000034   0x08008898   0x00000004   Data   RW          364    .data               esp8266.o
    0x20000038   0x0800889c   0x00000002   Data   RW          407    .data               onenet.o
    0x2000003a   0x0800889e   0x00000002   PAD
    0x2000003c   0x080088a0   0x0000000c   Data   RW          428    .data               cjson.o
    0x20000048        -       0x00000100   Zero   RW            2    .bss                main.o
    0x20000148        -       0x00000080   Zero   RW          363    .bss                esp8266.o
    0x200001c8        -       0x00000060   Zero   RW          832    .bss                c_w.l(libspace.o)
    0x20000228        -       0x00000200   Zero   RW          294    HEAP                startup_stm32f10x_hd.o
    0x20000428        -       0x00000400   Zero   RW          293    STACK               startup_stm32f10x_hd.o


==============================================================================

Image component sizes


      Code (inc. data)   RO Data    RW Data    ZI Data      Debug   Object Name

       216         10          0          0          0        842   adc.o
      6784        208          7         12          0      24328   cjson.o
       212         18          0          4          0       1083   delay.o
       408         12          0          0          0       2182   dht11.o
       804        300          0          4        128       3127   esp8266.o
        80         10          0          0          0        519   led.o
       372         84        197          8        256     242336   main.o
       220         22          0          0          0       1841   misc.o
      3580         42          0          0          0      15291   mqttkit.o
      1750        858          0          2          0       6045   onenet.o
        64         26        304          0       1536        800   startup_stm32f10x_hd.o
      1102         26          0          0          0      11081   stm32f10x_adc.o
       860         38          0          0          0       5773   stm32f10x_gpio.o
        26          0          0          0          0       1202   stm32f10x_it.o
       932         36          0         20          0       8972   stm32f10x_rcc.o
      1032         22          0          0          0       8500   stm32f10x_usart.o
         0          0          0          0          0         32   sys.o
       480         38          0         20          0       1803   system_stm32f10x.o
       488         14          0          0          0       2973   usart.o

    ----------------------------------------------------------------------
     19416       1764        541         72       1920     338730   Object Totals
         0          0         32          0          0          0   (incl. Generated)
         6          0          1          2          0          0   (incl. Padding)

    ----------------------------------------------------------------------

      Code (inc. data)   RO Data    RW Data    ZI Data      Debug   Library Member Name

        44          6          0          0          0         84   __2sprintf.o
         8          0          0          0          0         68   __main.o
       392          4         17          0          0         92   __printf_flags_ss_wp.o
        14          0          0          0          0         68   __printf_wp.o
         0          0          0          0          0          0   __rtentry.o
        12          0          0          0          0          0   __rtentry2.o
         6          0          0          0          0          0   __rtentry4.o
        52          8          0          0          0          0   __scatter.o
        26          0          0          0          0          0   __scatter_copy.o
        28          0          0          0          0          0   __scatter_zi.o
        28          0          0          0          0         68   _chval.o
         6          0          0          0          0          0   _printf_a.o
         6          0          0          0          0          0   _printf_c.o
        44          0          0          0          0        108   _printf_char.o
        48          6          0          0          0         96   _printf_char_common.o
        40          0          0          0          0         68   _printf_charcount.o
         6          0          0          0          0          0   _printf_d.o
       120         16          0          0          0         92   _printf_dec.o
         6          0          0          0          0          0   _printf_e.o
         6          0          0          0          0          0   _printf_f.o
      1054          0          0          0          0        216   _printf_fp_dec.o
       128         16          0          0          0         84   _printf_fp_infnan.o
         6          0          0          0          0          0   _printf_g.o
       148          4         40          0          0        160   _printf_hex_int_ll_ptr.o
         6          0          0          0          0          0   _printf_i.o
       178          0          0          0          0         88   _printf_intcommon.o
        10          0          0          0          0          0   _printf_l.o
         6          0          0          0          0          0   _printf_lc.o
        10          0          0          0          0          0   _printf_ll.o
         6          0          0          0          0          0   _printf_lld.o
         6          0          0          0          0          0   _printf_lli.o
         6          0          0          0          0          0   _printf_llo.o
         6          0          0          0          0          0   _printf_llu.o
         6          0          0          0          0          0   _printf_llx.o
       124         16          0          0          0         92   _printf_longlong_dec.o
         6          0          0          0          0          0   _printf_ls.o
         6          0          0          0          0          0   _printf_n.o
         6          0          0          0          0          0   _printf_o.o
       112         10          0          0          0        124   _printf_oct_int_ll.o
         6          0          0          0          0          0   _printf_p.o
        78          0          0          0          0        108   _printf_pad.o
         0          0          0          0          0          0   _printf_percent.o
         4          0          0          0          0          0   _printf_percent_end.o
         6          0          0          0          0          0   _printf_s.o
        82          0          0          0          0         80   _printf_str.o
        36          0          0          0          0         84   _printf_truncate.o
         6          0          0          0          0          0   _printf_u.o
        44          0          0          0          0        108   _printf_wchar.o
       188          6          8          0          0         92   _printf_wctomb.o
         6          0          0          0          0          0   _printf_x.o
        22          0          0          0          0        100   _rserrno.o
        16          0          0          0          0         68   _snputc.o
        10          0          0          0          0         68   _sputc.o
       158          0          0          0          0         92   _strtoul.o
        64          0          0          0          0         92   _wcrtomb.o
        26          0          0          0          0         80   atoi.o
       228          4        148          0          0         96   bigflt0.o
      1936        128          0          0          0        672   btod.o
        52          4          0          0          0         80   c89vsnprintf.o
        10          0          0          0          0         68   defsig_exit.o
        50          0          0          0          0         88   defsig_general.o
        80         58          0          0          0         76   defsig_rtmem_inner.o
        14          0          0          0          0         80   defsig_rtmem_outer.o
        18          0          0          0          0         80   exit.o
        94          0          0          0          0         80   h1_alloc.o
        52          0          0          0          0         68   h1_extend.o
        78          0          0          0          0         80   h1_free.o
        14          0          0          0          0         84   h1_init.o
         6          0          0          0          0        152   heapauxi.o
         4          0          0          0          0        136   hguard.o
         0          0          0          0          0          0   indicate_semi.o
       138          0          0          0          0        168   init_alloc.o
        44         10        272          0          0         76   lc_ctype_c.o
        44         10         28          0          0         76   lc_numeric_c.o
         2          0          0          0          0          0   libinit.o
        38          0          0          0          0          0   libinit2.o
         2          0          0          0          0          0   libshutdown.o
         2          0          0          0          0          0   libshutdown2.o
         8          4          0          0         96         68   libspace.o
       138          0          0          0          0         80   lludiv10.o
         0          0          0          0          0          0   maybetermalloc1.o
        16          4          0          0          0         76   rt_ctype_table.o
         8          4          0          0          0         68   rt_errno_addr_intlibspace.o
         8          4          0          0          0         68   rt_heap_descriptor_intlibspace.o
         8          4          0          0          0         68   rt_locale_intlibspace.o
        68          0          0          0          0         68   rt_memclr.o
        78          0          0          0          0         80   rt_memclr_w.o
       138          0          0          0          0         68   rt_memcpy_v6.o
       100          0          0          0          0         80   rt_memcpy_w.o
         2          0          0          0          0          0   rtexit.o
        10          0          0          0          0          0   rtexit2.o
        20          0          0          0          0         68   strchr.o
       128          0          0          0          0         68   strcmpv7m.o
        72          0          0          0          0         80   strcpy.o
        62          0          0          0          0         76   strlen.o
        36          0          0          0          0         76   strncat.o
       150          0          0          0          0         80   strncmp.o
        36          0          0          0          0         80   strstr.o
       112          0          0          0          0         88   strtol.o
        12          4          0          0          0         68   sys_exit.o
        74          0          0          0          0         80   sys_stackheap_outer.o
        14          0          0          0          0         76   sys_wrch.o
        26          0          0          0          0         76   tolower.o
         2          0          0          0          0         68   use_no_semi.o
       826         16          0          0          0        348   daddsub_clz.o
        16          4          0          0          0         68   dcheck1.o
        24          0          0          0          0         68   dcmpi.o
       688        140          0          0          0        208   ddiv.o
       120          4          0          0          0         92   deqf.o
        94          4          0          0          0         92   dfix.o
        46          0          0          0          0         68   dflt_clz.o
       120          4          0          0          0         92   dleqf.o
       340         12          0          0          0        104   dmul.o
       156          4          0          0          0         92   dnaninf.o
        12          0          0          0          0         68   dretinf.o
       108          0          0          0          0         80   drleqf.o
       460         56          0          0          0        120   dsqrt_noumaal.o
        86          4          0          0          0         84   f2d.o
       140          4          0          0          0         84   fnaninf.o
         4          0          0          0          0         68   printf1.o
       100          0          0          0          0         68   retnan.o
        92          0          0          0          0         68   scalbn.o
        48          0          0          0          0         68   trapv.o
         0          0          0          0          0          0   usenofp.o
        62         10          0          0          0        340   dunder.o
       220         16          0          0          0         84   floor.o
        40          0          0          0          0         68   fpclassify.o
       170          0          0          0          0         96   poly.o
      2520        190        136          0          0        324   pow.o
         0          0          8          0          0          0   qnan.o
        76          0          0          0          0         84   sqrt.o

    ----------------------------------------------------------------------
     14298        798        661          0         96       9284   Library Totals
        24          0          4          0          0          0   (incl. Padding)

    ----------------------------------------------------------------------

      Code (inc. data)   RO Data    RW Data    ZI Data      Debug   Library Name

      7706        330        513          0         96       6348   c_w.l
      3480        252          0          0          0       1940   fz_ws.l
      3088        216        144          0          0        996   m_ws.l

    ----------------------------------------------------------------------
     14298        798        661          0         96       9284   Library Totals

    ----------------------------------------------------------------------

==============================================================================


      Code (inc. data)   RO Data    RW Data    ZI Data      Debug   

     33714       2562       1202         72       2016     341250   Grand Totals
     33714       2562       1202         72       2016     341250   ELF Image Totals
     33714       2562       1202         72          0          0   ROM Totals

==============================================================================

    Total RO  Size (Code + RO Data)                34916 (  34.10kB)
    Total RW  Size (RW Data + ZI Data)              2088 (   2.04kB)
    Total ROM Size (Code + RO Data + RW Data)      34988 (  34.17kB)

==============================================================================

